[2026-09-06 17:39:19] [INFO] [price_scraper] DB Oldest Date: 2014-11-07, DB Latest Date: 2026-09-04
[2026-09-06 17:39:19] [INFO] [price_scraper] Fetching page 1 to find latest web date and last page number...
[2026-09-06 17:39:20] [INFO] [price_scraper] Scraping page 1 (Attempt 1/3) …
[2026-09-06 17:39:21] [INFO] [price_scraper]   -> 10 records from page 1
[2026-09-06 17:39:21] [INFO] [price_scraper] Fetching last page (578) to find oldest web date...
[2026-09-06 17:39:21] [INFO] [price_scraper] Scraping page 578 (Attempt 1/3) …
[2026-09-06 17:39:22] [INFO] [price_scraper]   -> 7 records from page 578
[2026-09-06 17:39:22] [INFO] [price_scraper] Web Latest Date: 2026-09-04, Web Oldest Date: 2014-11-07, Last Page: 578
[2026-09-06 17:39:22] [INFO] [price_scraper] Finding page for DB oldest date: 2014-11-07
[2026-09-06 17:39:22] [INFO] [price_scraper] Scraping page 289 (Attempt 1/3) …
[2026-09-06 17:39:24] [INFO] [price_scraper]   -> 10 records from page 289
[2026-09-06 17:39:24] [INFO] [price_scraper] Scraping page 434 (Attempt 1/3) …
[2026-09-06 17:39:26] [INFO] [price_scraper]   -> 10 records from page 434
[2026-09-06 17:39:26] [INFO] [price_scraper] Scraping page 506 (Attempt 1/3) …
[2026-09-06 17:39:28] [INFO] [price_scraper]   -> 10 records from page 506
[2026-09-06 17:39:28] [INFO] [price_scraper] Scraping page 542 (Attempt 1/3) …
[2026-09-06 17:39:29] [INFO] [price_scraper]   -> 10 records from page 542
[2026-09-06 17:39:29] [INFO] [price_scraper] Scraping page 560 (Attempt 1/3) …
[2026-09-06 17:39:31] [INFO] [price_scraper]   -> 10 records from page 560
[2026-09-06 17:39:31] [INFO] [price_scraper] Scraping page 569 (Attempt 1/3) …
[2026-09-06 17:39:33] [INFO] [price_scraper]   -> 10 records from page 569
[2026-09-06 17:39:33] [INFO] [price_scraper] Scraping page 574 (Attempt 1/3) …
[2026-09-06 17:39:35] [INFO] [price_scraper]   -> 10 records from page 574
[2026-09-06 17:39:35] [INFO] [price_scraper] Scraping page 576 (Attempt 1/3) …
[2026-09-06 17:39:37] [INFO] [price_scraper]   -> 10 records from page 576
[2026-09-06 17:39:37] [INFO] [price_scraper] Scraping page 577 (Attempt 1/3) …
[2026-09-06 17:39:38] [INFO] [price_scraper]   -> 10 records from page 577
[2026-09-06 17:39:38] [INFO] [price_scraper] Scraping page 578 (Attempt 1/3) …
[2026-09-06 17:39:40] [INFO] [price_scraper]   -> 7 records from page 578
[2026-09-06 17:39:40] [INFO] [price_scraper] DB oldest date found around page 578. Scraping from 578 to 578
[2026-09-06 17:39:40] [INFO] [price_scraper] Scraping page 578 (Attempt 1/3) …
[2026-09-06 17:39:42] [INFO] [price_scraper]   -> 7 records from page 578
[2026-09-06 17:39:42] [INFO] [price_scraper]   -> 0 new rows inserted (total 5764)
[2026-09-06 17:39:44] [INFO] [price_scraper] Finding page for DB latest date: 2026-09-04
[2026-09-06 17:39:44] [INFO] [price_scraper] Scraping page 289 (Attempt 1/3) …
[2026-09-06 17:39:45] [INFO] [price_scraper]   -> 10 records from page 289
[2026-09-06 17:39:45] [INFO] [price_scraper] Scraping page 144 (Attempt 1/3) …
[2026-09-06 17:39:47] [INFO] [price_scraper]   -> 10 records from page 144
[2026-09-06 17:39:47] [INFO] [price_scraper] Scraping page 72 (Attempt 1/3) …
[2026-09-06 17:39:49] [INFO] [price_scraper]   -> 10 records from page 72
[2026-09-06 17:39:49] [INFO] [price_scraper] Scraping page 36 (Attempt 1/3) …
[2026-09-06 17:39:50] [INFO] [price_scraper]   -> 10 records from page 36
[2026-09-06 17:39:50] [INFO] [price_scraper] Scraping page 18 (Attempt 1/3) …
[2026-09-06 17:39:52] [INFO] [price_scraper]   -> 10 records from page 18
[2026-09-06 17:39:52] [INFO] [price_scraper] Scraping page 9 (Attempt 1/3) …
[2026-09-06 17:39:53] [INFO] [price_scraper]   -> 10 records from page 9
[2026-09-06 17:39:53] [INFO] [price_scraper] Scraping page 4 (Attempt 1/3) …
[2026-09-06 17:39:55] [INFO] [price_scraper]   -> 10 records from page 4
[2026-09-06 17:39:55] [INFO] [price_scraper] Scraping page 2 (Attempt 1/3) …
[2026-09-06 17:39:56] [INFO] [price_scraper]   -> 10 records from page 2
[2026-09-06 17:39:56] [INFO] [price_scraper] Scraping page 1 (Attempt 1/3) …
[2026-09-06 17:39:58] [INFO] [price_scraper]   -> 10 records from page 1
[2026-09-06 17:39:58] [INFO] [price_scraper] DB latest date found around page 1. Scraping from 1 down to 1
[2026-09-06 17:39:58] [INFO] [price_scraper] Scraping page 1 (Attempt 1/3) …
[2026-09-06 17:39:59] [INFO] [price_scraper]   -> 10 records from page 1
[2026-09-06 17:39:59] [INFO] [price_scraper]   -> 0 new rows inserted (total 5764)
[2026-09-06 17:40:01] [INFO] [price_scraper] Smart update complete.
