[2026-09-11 18:42:57] [INFO] [price_scraper] DB Oldest Date: 2014-11-07, DB Latest Date: 2026-09-10
[2026-09-11 18:42:57] [INFO] [price_scraper] Fetching page 1 to find latest web date and last page number...
[2026-09-11 18:42:59] [INFO] [price_scraper] Scraping page 1 (Attempt 1/3) …
[2026-09-11 18:43:02] [INFO] [price_scraper]   -> 10 records from page 1
[2026-09-11 18:43:02] [INFO] [price_scraper] Fetching last page (579) to find oldest web date...
[2026-09-11 18:43:02] [INFO] [price_scraper] Scraping page 579 (Attempt 1/3) …
[2026-09-11 18:43:06] [INFO] [price_scraper]   -> 7 records from page 579
[2026-09-11 18:43:06] [INFO] [price_scraper] Web Latest Date: 2026-09-11, Web Oldest Date: 2014-11-07, Last Page: 579
[2026-09-11 18:43:06] [INFO] [price_scraper] Finding page for DB oldest date: 2014-11-07
[2026-09-11 18:43:06] [INFO] [price_scraper] Scraping page 290 (Attempt 1/3) …
[2026-09-11 18:43:09] [INFO] [price_scraper]   -> 10 records from page 290
[2026-09-11 18:43:09] [INFO] [price_scraper] Scraping page 435 (Attempt 1/3) …
[2026-09-11 18:43:13] [INFO] [price_scraper]   -> 10 records from page 435
[2026-09-11 18:43:13] [INFO] [price_scraper] Scraping page 507 (Attempt 1/3) …
[2026-09-11 18:43:18] [INFO] [price_scraper]   -> 10 records from page 507
[2026-09-11 18:43:18] [INFO] [price_scraper] Scraping page 543 (Attempt 1/3) …
[2026-09-11 18:43:21] [INFO] [price_scraper]   -> 10 records from page 543
[2026-09-11 18:43:21] [INFO] [price_scraper] Scraping page 561 (Attempt 1/3) …
[2026-09-11 18:43:25] [INFO] [price_scraper]   -> 10 records from page 561
[2026-09-11 18:43:25] [INFO] [price_scraper] Scraping page 570 (Attempt 1/3) …
[2026-09-11 18:43:28] [INFO] [price_scraper]   -> 10 records from page 570
[2026-09-11 18:43:28] [INFO] [price_scraper] Scraping page 575 (Attempt 1/3) …
[2026-09-11 18:43:31] [INFO] [price_scraper]   -> 10 records from page 575
[2026-09-11 18:43:31] [INFO] [price_scraper] Scraping page 577 (Attempt 1/3) …
[2026-09-11 18:43:36] [INFO] [price_scraper]   -> 10 records from page 577
[2026-09-11 18:43:36] [INFO] [price_scraper] Scraping page 578 (Attempt 1/3) …
[2026-09-11 18:43:39] [INFO] [price_scraper]   -> 10 records from page 578
[2026-09-11 18:43:39] [INFO] [price_scraper] Scraping page 579 (Attempt 1/3) …
[2026-09-11 18:43:42] [INFO] [price_scraper]   -> 7 records from page 579
[2026-09-11 18:43:42] [INFO] [price_scraper] DB oldest date found around page 579. Scraping from 579 to 579
[2026-09-11 18:43:42] [INFO] [price_scraper] Scraping page 579 (Attempt 1/3) …
[2026-09-11 18:43:46] [INFO] [price_scraper]   -> 7 records from page 579
[2026-09-11 18:43:46] [INFO] [price_scraper]   -> 0 new rows inserted (total 5772)
[2026-09-11 18:43:48] [INFO] [price_scraper] Finding page for DB latest date: 2026-09-10
[2026-09-11 18:43:48] [INFO] [price_scraper] Scraping page 290 (Attempt 1/3) …
[2026-09-11 18:43:51] [INFO] [price_scraper]   -> 10 records from page 290
[2026-09-11 18:43:51] [INFO] [price_scraper] Scraping page 145 (Attempt 1/3) …
[2026-09-11 18:43:55] [INFO] [price_scraper]   -> 10 records from page 145
[2026-09-11 18:43:55] [INFO] [price_scraper] Scraping page 72 (Attempt 1/3) …
[2026-09-11 18:43:58] [INFO] [price_scraper]   -> 10 records from page 72
[2026-09-11 18:43:58] [INFO] [price_scraper] Scraping page 36 (Attempt 1/3) …
[2026-09-11 18:44:02] [INFO] [price_scraper]   -> 10 records from page 36
[2026-09-11 18:44:02] [INFO] [price_scraper] Scraping page 18 (Attempt 1/3) …
[2026-09-11 18:44:06] [INFO] [price_scraper]   -> 10 records from page 18
[2026-09-11 18:44:06] [INFO] [price_scraper] Scraping page 9 (Attempt 1/3) …
[2026-09-11 18:44:10] [INFO] [price_scraper]   -> 10 records from page 9
[2026-09-11 18:44:10] [INFO] [price_scraper] Scraping page 4 (Attempt 1/3) …
[2026-09-11 18:44:13] [INFO] [price_scraper]   -> 10 records from page 4
[2026-09-11 18:44:13] [INFO] [price_scraper] Scraping page 2 (Attempt 1/3) …
[2026-09-11 18:44:15] [INFO] [price_scraper]   -> 10 records from page 2
[2026-09-11 18:44:15] [INFO] [price_scraper] Scraping page 1 (Attempt 1/3) …
[2026-09-11 18:44:16] [INFO] [price_scraper]   -> 10 records from page 1
[2026-09-11 18:44:16] [INFO] [price_scraper] DB latest date found around page 1. Scraping from 1 down to 1
[2026-09-11 18:44:16] [INFO] [price_scraper] Scraping page 1 (Attempt 1/3) …
[2026-09-11 18:44:18] [INFO] [price_scraper]   -> 10 records from page 1
[2026-09-11 18:44:18] [INFO] [price_scraper]   -> 2 new rows inserted (total 5774)
[2026-09-11 18:44:20] [INFO] [price_scraper] Smart update complete.
