[2026-08-26 16:36:55] [INFO] [price_scraper] DB Oldest Date: 2014-11-07, DB Latest Date: 2026-08-25
[2026-08-26 16:36:55] [INFO] [price_scraper] Fetching page 1 to find latest web date and last page number...
[2026-08-26 16:36:56] [INFO] [price_scraper] Scraping page 1 (Attempt 1/3) …
[2026-08-26 16:36:57] [INFO] [price_scraper]   -> 10 records from page 1
[2026-08-26 16:36:57] [INFO] [price_scraper] Fetching last page (577) to find oldest web date...
[2026-08-26 16:36:57] [INFO] [price_scraper] Scraping page 577 (Attempt 1/3) …
[2026-08-26 16:36:59] [INFO] [price_scraper]   -> 1 records from page 577
[2026-08-26 16:36:59] [INFO] [price_scraper] Web Latest Date: 2026-08-25, Web Oldest Date: 2014-11-07, Last Page: 577
[2026-08-26 16:36:59] [INFO] [price_scraper] Finding page for DB oldest date: 2014-11-07
[2026-08-26 16:36:59] [INFO] [price_scraper] Scraping page 289 (Attempt 1/3) …
[2026-08-26 16:37:01] [INFO] [price_scraper]   -> 10 records from page 289
[2026-08-26 16:37:01] [INFO] [price_scraper] Scraping page 433 (Attempt 1/3) …
[2026-08-26 16:37:02] [INFO] [price_scraper]   -> 10 records from page 433
[2026-08-26 16:37:02] [INFO] [price_scraper] Scraping page 505 (Attempt 1/3) …
[2026-08-26 16:37:03] [INFO] [price_scraper]   -> 10 records from page 505
[2026-08-26 16:37:03] [INFO] [price_scraper] Scraping page 541 (Attempt 1/3) …
[2026-08-26 16:37:05] [INFO] [price_scraper]   -> 10 records from page 541
[2026-08-26 16:37:05] [INFO] [price_scraper] Scraping page 559 (Attempt 1/3) …
[2026-08-26 16:37:06] [INFO] [price_scraper]   -> 10 records from page 559
[2026-08-26 16:37:06] [INFO] [price_scraper] Scraping page 568 (Attempt 1/3) …
[2026-08-26 16:37:08] [INFO] [price_scraper]   -> 10 records from page 568
[2026-08-26 16:37:08] [INFO] [price_scraper] Scraping page 573 (Attempt 1/3) …
[2026-08-26 16:37:09] [INFO] [price_scraper]   -> 10 records from page 573
[2026-08-26 16:37:09] [INFO] [price_scraper] Scraping page 575 (Attempt 1/3) …
[2026-08-26 16:37:11] [INFO] [price_scraper]   -> 10 records from page 575
[2026-08-26 16:37:11] [INFO] [price_scraper] Scraping page 576 (Attempt 1/3) …
[2026-08-26 16:37:13] [INFO] [price_scraper]   -> 10 records from page 576
[2026-08-26 16:37:13] [INFO] [price_scraper] Scraping page 577 (Attempt 1/3) …
[2026-08-26 16:37:14] [INFO] [price_scraper]   -> 1 records from page 577
[2026-08-26 16:37:14] [INFO] [price_scraper] DB oldest date found around page 577. Scraping from 577 to 577
[2026-08-26 16:37:14] [INFO] [price_scraper] Scraping page 577 (Attempt 1/3) …
[2026-08-26 16:37:16] [INFO] [price_scraper]   -> 1 records from page 577
[2026-08-26 16:37:16] [INFO] [price_scraper]   -> 0 new rows inserted (total 5748)
[2026-08-26 16:37:18] [INFO] [price_scraper] Finding page for DB latest date: 2026-08-25
[2026-08-26 16:37:18] [INFO] [price_scraper] Scraping page 289 (Attempt 1/3) …
[2026-08-26 16:37:19] [INFO] [price_scraper]   -> 10 records from page 289
[2026-08-26 16:37:19] [INFO] [price_scraper] Scraping page 144 (Attempt 1/3) …
[2026-08-26 16:37:21] [INFO] [price_scraper]   -> 10 records from page 144
[2026-08-26 16:37:21] [INFO] [price_scraper] Scraping page 72 (Attempt 1/3) …
[2026-08-26 16:37:22] [INFO] [price_scraper]   -> 10 records from page 72
[2026-08-26 16:37:22] [INFO] [price_scraper] Scraping page 36 (Attempt 1/3) …
[2026-08-26 16:37:24] [INFO] [price_scraper]   -> 10 records from page 36
[2026-08-26 16:37:24] [INFO] [price_scraper] Scraping page 18 (Attempt 1/3) …
[2026-08-26 16:37:26] [INFO] [price_scraper]   -> 10 records from page 18
[2026-08-26 16:37:26] [INFO] [price_scraper] Scraping page 9 (Attempt 1/3) …
[2026-08-26 16:37:28] [INFO] [price_scraper]   -> 10 records from page 9
[2026-08-26 16:37:28] [INFO] [price_scraper] Scraping page 4 (Attempt 1/3) …
[2026-08-26 16:37:29] [INFO] [price_scraper]   -> 10 records from page 4
[2026-08-26 16:37:29] [INFO] [price_scraper] Scraping page 2 (Attempt 1/3) …
[2026-08-26 16:37:31] [INFO] [price_scraper]   -> 10 records from page 2
[2026-08-26 16:37:31] [INFO] [price_scraper] Scraping page 1 (Attempt 1/3) …
[2026-08-26 16:37:32] [INFO] [price_scraper]   -> 10 records from page 1
[2026-08-26 16:37:32] [INFO] [price_scraper] DB latest date found around page 1. Scraping from 1 down to 1
[2026-08-26 16:37:32] [INFO] [price_scraper] Scraping page 1 (Attempt 1/3) …
[2026-08-26 16:37:33] [INFO] [price_scraper]   -> 10 records from page 1
[2026-08-26 16:37:33] [INFO] [price_scraper]   -> 0 new rows inserted (total 5748)
[2026-08-26 16:37:35] [INFO] [price_scraper] Smart update complete.
