[2026-08-03 17:26:13] [INFO] [price_scraper] DB Oldest Date: 2014-11-07, DB Latest Date: 2026-08-01
[2026-08-03 17:26:13] [INFO] [price_scraper] Fetching page 1 to find latest web date and last page number...
[2026-08-03 17:26:16] [INFO] [price_scraper] Scraping page 1 (Attempt 1/3) …
[2026-08-03 17:26:19] [INFO] [price_scraper]   -> 10 records from page 1
[2026-08-03 17:26:19] [INFO] [price_scraper] Fetching last page (573) to find oldest web date...
[2026-08-03 17:26:19] [INFO] [price_scraper] Scraping page 573 (Attempt 1/3) …
[2026-08-03 17:26:21] [INFO] [price_scraper]   -> 5 records from page 573
[2026-08-03 17:26:21] [INFO] [price_scraper] Web Latest Date: 2026-08-03, Web Oldest Date: 2014-11-07, Last Page: 573
[2026-08-03 17:26:21] [INFO] [price_scraper] Finding page for DB oldest date: 2014-11-07
[2026-08-03 17:26:21] [INFO] [price_scraper] Scraping page 287 (Attempt 1/3) …
[2026-08-03 17:26:23] [INFO] [price_scraper]   -> 10 records from page 287
[2026-08-03 17:26:23] [INFO] [price_scraper] Scraping page 430 (Attempt 1/3) …
[2026-08-03 17:26:26] [INFO] [price_scraper]   -> 10 records from page 430
[2026-08-03 17:26:26] [INFO] [price_scraper] Scraping page 502 (Attempt 1/3) …
[2026-08-03 17:26:29] [INFO] [price_scraper]   -> 10 records from page 502
[2026-08-03 17:26:29] [INFO] [price_scraper] Scraping page 538 (Attempt 1/3) …
[2026-08-03 17:26:31] [INFO] [price_scraper]   -> 10 records from page 538
[2026-08-03 17:26:31] [INFO] [price_scraper] Scraping page 556 (Attempt 1/3) …
[2026-08-03 17:26:33] [INFO] [price_scraper]   -> 10 records from page 556
[2026-08-03 17:26:33] [INFO] [price_scraper] Scraping page 565 (Attempt 1/3) …
[2026-08-03 17:26:36] [INFO] [price_scraper]   -> 10 records from page 565
[2026-08-03 17:26:36] [INFO] [price_scraper] Scraping page 569 (Attempt 1/3) …
[2026-08-03 17:26:38] [INFO] [price_scraper]   -> 10 records from page 569
[2026-08-03 17:26:38] [INFO] [price_scraper] Scraping page 571 (Attempt 1/3) …
[2026-08-03 17:26:40] [INFO] [price_scraper]   -> 10 records from page 571
[2026-08-03 17:26:40] [INFO] [price_scraper] Scraping page 572 (Attempt 1/3) …
[2026-08-03 17:26:42] [INFO] [price_scraper]   -> 10 records from page 572
[2026-08-03 17:26:42] [INFO] [price_scraper] Scraping page 573 (Attempt 1/3) …
[2026-08-03 17:26:44] [INFO] [price_scraper]   -> 5 records from page 573
[2026-08-03 17:26:44] [INFO] [price_scraper] DB oldest date found around page 573. Scraping from 573 to 573
[2026-08-03 17:26:44] [INFO] [price_scraper] Scraping page 573 (Attempt 1/3) …
[2026-08-03 17:26:46] [INFO] [price_scraper]   -> 5 records from page 573
[2026-08-03 17:26:46] [INFO] [price_scraper]   -> 0 new rows inserted (total 5709)
[2026-08-03 17:26:48] [INFO] [price_scraper] Finding page for DB latest date: 2026-08-01
[2026-08-03 17:26:48] [INFO] [price_scraper] Scraping page 287 (Attempt 1/3) …
[2026-08-03 17:26:49] [INFO] [price_scraper]   -> 10 records from page 287
[2026-08-03 17:26:49] [INFO] [price_scraper] Scraping page 143 (Attempt 1/3) …
[2026-08-03 17:26:51] [INFO] [price_scraper]   -> 10 records from page 143
[2026-08-03 17:26:51] [INFO] [price_scraper] Scraping page 71 (Attempt 1/3) …
[2026-08-03 17:26:54] [INFO] [price_scraper]   -> 10 records from page 71
[2026-08-03 17:26:54] [INFO] [price_scraper] Scraping page 35 (Attempt 1/3) …
[2026-08-03 17:26:55] [INFO] [price_scraper]   -> 10 records from page 35
[2026-08-03 17:26:55] [INFO] [price_scraper] Scraping page 17 (Attempt 1/3) …
[2026-08-03 17:26:58] [INFO] [price_scraper]   -> 10 records from page 17
[2026-08-03 17:26:58] [INFO] [price_scraper] Scraping page 8 (Attempt 1/3) …
[2026-08-03 17:27:00] [INFO] [price_scraper]   -> 10 records from page 8
[2026-08-03 17:27:00] [INFO] [price_scraper] Scraping page 4 (Attempt 1/3) …
[2026-08-03 17:27:02] [INFO] [price_scraper]   -> 10 records from page 4
[2026-08-03 17:27:02] [INFO] [price_scraper] Scraping page 2 (Attempt 1/3) …
[2026-08-03 17:27:04] [INFO] [price_scraper]   -> 10 records from page 2
[2026-08-03 17:27:04] [INFO] [price_scraper] Scraping page 1 (Attempt 1/3) …
[2026-08-03 17:27:05] [INFO] [price_scraper]   -> 10 records from page 1
[2026-08-03 17:27:05] [INFO] [price_scraper] DB latest date found around page 1. Scraping from 1 down to 1
[2026-08-03 17:27:05] [INFO] [price_scraper] Scraping page 1 (Attempt 1/3) …
[2026-08-03 17:27:07] [INFO] [price_scraper]   -> 10 records from page 1
[2026-08-03 17:27:07] [INFO] [price_scraper]   -> 3 new rows inserted (total 5712)
[2026-08-03 17:27:09] [INFO] [price_scraper] Smart update complete.
