[2026-10-01 20:26:37] [INFO] [price_scraper] DB Oldest Date: 2014-11-07, DB Latest Date: 2026-09-30
[2026-10-01 20:26:37] [INFO] [price_scraper] Fetching page 1 to find latest web date and last page number...
[2026-10-01 20:26:44] [INFO] [price_scraper] Scraping page 1 (Attempt 1/3) …
[2026-10-01 20:27:14] [WARNING] [price_scraper] HTTP error on page 1 (Attempt 1): HTTPSConnectionPool(host='www.indianspices.com', port=443): Max retries exceeded with url: /marketing/price/domestic/daily-price-small.html?page=1 (Caused by ConnectTimeoutError(<HTTPSConnection(host='www.indianspices.com', port=443) at 0x7f73f3e64bd0>, 'Connection to www.indianspices.com timed out. (connect timeout=30)'))
[2026-10-01 20:27:18] [INFO] [price_scraper] Scraping page 1 (Attempt 2/3) …
[2026-10-01 20:27:29] [INFO] [price_scraper]   -> 10 records from page 1
[2026-10-01 20:27:29] [INFO] [price_scraper] Fetching last page (583) to find oldest web date...
[2026-10-01 20:27:29] [INFO] [price_scraper] Scraping page 583 (Attempt 1/3) …
[2026-10-01 20:27:50] [INFO] [price_scraper]   -> 1 records from page 583
[2026-10-01 20:27:50] [INFO] [price_scraper] Web Latest Date: 2026-10-01, Web Oldest Date: 2014-11-07, Last Page: 583
[2026-10-01 20:27:50] [INFO] [price_scraper] Finding page for DB oldest date: 2014-11-07
[2026-10-01 20:27:50] [INFO] [price_scraper] Scraping page 292 (Attempt 1/3) …
[2026-10-01 20:27:56] [INFO] [price_scraper]   -> 10 records from page 292
[2026-10-01 20:27:56] [INFO] [price_scraper] Scraping page 438 (Attempt 1/3) …
[2026-10-01 20:28:04] [INFO] [price_scraper]   -> 10 records from page 438
[2026-10-01 20:28:04] [INFO] [price_scraper] Scraping page 511 (Attempt 1/3) …
[2026-10-01 20:28:14] [INFO] [price_scraper]   -> 10 records from page 511
[2026-10-01 20:28:14] [INFO] [price_scraper] Scraping page 547 (Attempt 1/3) …
[2026-10-01 20:28:44] [WARNING] [price_scraper] HTTP error on page 547 (Attempt 1): HTTPSConnectionPool(host='www.indianspices.com', port=443): Read timed out. (read timeout=30)
[2026-10-01 20:28:48] [INFO] [price_scraper] Scraping page 547 (Attempt 2/3) …
[2026-10-01 20:28:58] [INFO] [price_scraper]   -> 10 records from page 547
[2026-10-01 20:28:58] [INFO] [price_scraper] Scraping page 565 (Attempt 1/3) …
[2026-10-01 20:29:17] [INFO] [price_scraper]   -> 10 records from page 565
[2026-10-01 20:29:17] [INFO] [price_scraper] Scraping page 574 (Attempt 1/3) …
[2026-10-01 20:29:47] [WARNING] [price_scraper] HTTP error on page 574 (Attempt 1): HTTPSConnectionPool(host='www.indianspices.com', port=443): Max retries exceeded with url: /marketing/price/domestic/daily-price-small.html?page=574 (Caused by ConnectTimeoutError(<HTTPSConnection(host='www.indianspices.com', port=443) at 0x7f73f3bca7d0>, 'Connection to www.indianspices.com timed out. (connect timeout=30)'))
[2026-10-01 20:29:51] [INFO] [price_scraper] Scraping page 574 (Attempt 2/3) …
[2026-10-01 20:30:03] [INFO] [price_scraper]   -> 10 records from page 574
[2026-10-01 20:30:03] [INFO] [price_scraper] Scraping page 579 (Attempt 1/3) …
[2026-10-01 20:30:33] [WARNING] [price_scraper] HTTP error on page 579 (Attempt 1): HTTPSConnectionPool(host='www.indianspices.com', port=443): Max retries exceeded with url: /marketing/price/domestic/daily-price-small.html?page=579 (Caused by ConnectTimeoutError(<HTTPSConnection(host='www.indianspices.com', port=443) at 0x7f73f3955910>, 'Connection to www.indianspices.com timed out. (connect timeout=30)'))
[2026-10-01 20:30:37] [INFO] [price_scraper] Scraping page 579 (Attempt 2/3) …
[2026-10-01 20:30:49] [INFO] [price_scraper]   -> 10 records from page 579
[2026-10-01 20:30:49] [INFO] [price_scraper] Scraping page 581 (Attempt 1/3) …
[2026-10-01 20:30:59] [INFO] [price_scraper]   -> 10 records from page 581
[2026-10-01 20:30:59] [INFO] [price_scraper] Scraping page 582 (Attempt 1/3) …
[2026-10-01 20:31:07] [INFO] [price_scraper]   -> 10 records from page 582
[2026-10-01 20:31:07] [INFO] [price_scraper] Scraping page 583 (Attempt 1/3) …
[2026-10-01 20:31:22] [INFO] [price_scraper]   -> 1 records from page 583
[2026-10-01 20:31:22] [INFO] [price_scraper] DB oldest date found around page 583. Scraping from 583 to 583
[2026-10-01 20:31:22] [INFO] [price_scraper] Scraping page 583 (Attempt 1/3) …
[2026-10-01 20:31:34] [INFO] [price_scraper]   -> 1 records from page 583
[2026-10-01 20:31:34] [INFO] [price_scraper]   -> 0 new rows inserted (total 5806)
[2026-10-01 20:31:36] [INFO] [price_scraper] Finding page for DB latest date: 2026-09-30
[2026-10-01 20:31:36] [INFO] [price_scraper] Scraping page 292 (Attempt 1/3) …
[2026-10-01 20:31:43] [INFO] [price_scraper]   -> 10 records from page 292
[2026-10-01 20:31:43] [INFO] [price_scraper] Scraping page 146 (Attempt 1/3) …
[2026-10-01 20:32:01] [INFO] [price_scraper]   -> 10 records from page 146
[2026-10-01 20:32:01] [INFO] [price_scraper] Scraping page 73 (Attempt 1/3) …
[2026-10-01 20:32:12] [INFO] [price_scraper]   -> 10 records from page 73
[2026-10-01 20:32:12] [INFO] [price_scraper] Scraping page 36 (Attempt 1/3) …
[2026-10-01 20:32:21] [INFO] [price_scraper]   -> 10 records from page 36
[2026-10-01 20:32:21] [INFO] [price_scraper] Scraping page 18 (Attempt 1/3) …
[2026-10-01 20:32:28] [INFO] [price_scraper]   -> 10 records from page 18
[2026-10-01 20:32:28] [INFO] [price_scraper] Scraping page 9 (Attempt 1/3) …
[2026-10-01 20:32:36] [INFO] [price_scraper]   -> 10 records from page 9
[2026-10-01 20:32:36] [INFO] [price_scraper] Scraping page 4 (Attempt 1/3) …
[2026-10-01 20:32:47] [INFO] [price_scraper]   -> 10 records from page 4
[2026-10-01 20:32:47] [INFO] [price_scraper] Scraping page 2 (Attempt 1/3) …
[2026-10-01 20:33:06] [INFO] [price_scraper]   -> 10 records from page 2
[2026-10-01 20:33:06] [INFO] [price_scraper] Scraping page 1 (Attempt 1/3) …
[2026-10-01 20:33:36] [WARNING] [price_scraper] HTTP error on page 1 (Attempt 1): HTTPSConnectionPool(host='www.indianspices.com', port=443): Read timed out. (read timeout=30)
[2026-10-01 20:33:40] [INFO] [price_scraper] Scraping page 1 (Attempt 2/3) …
[2026-10-01 20:33:52] [INFO] [price_scraper]   -> 10 records from page 1
[2026-10-01 20:33:52] [INFO] [price_scraper] DB latest date found around page 1. Scraping from 1 down to 1
[2026-10-01 20:33:52] [INFO] [price_scraper] Scraping page 1 (Attempt 1/3) …
[2026-10-01 20:33:59] [INFO] [price_scraper]   -> 10 records from page 1
[2026-10-01 20:33:59] [INFO] [price_scraper]   -> 2 new rows inserted (total 5808)
[2026-10-01 20:34:01] [INFO] [price_scraper] Smart update complete.
