[2026-10-02 20:05:59] [INFO] [price_scraper] DB Oldest Date: 2014-11-07, DB Latest Date: 2026-10-01
[2026-10-02 20:05:59] [INFO] [price_scraper] Fetching page 1 to find latest web date and last page number...
[2026-10-02 20:06:06] [INFO] [price_scraper] Scraping page 1 (Attempt 1/3) …
[2026-10-02 20:06:12] [INFO] [price_scraper]   -> 10 records from page 1
[2026-10-02 20:06:12] [INFO] [price_scraper] Fetching last page (583) to find oldest web date...
[2026-10-02 20:06:12] [INFO] [price_scraper] Scraping page 583 (Attempt 1/3) …
[2026-10-02 20:06:20] [INFO] [price_scraper]   -> 1 records from page 583
[2026-10-02 20:06:20] [INFO] [price_scraper] Web Latest Date: 2026-10-01, Web Oldest Date: 2014-11-07, Last Page: 583
[2026-10-02 20:06:20] [INFO] [price_scraper] Finding page for DB oldest date: 2014-11-07
[2026-10-02 20:06:20] [INFO] [price_scraper] Scraping page 292 (Attempt 1/3) …
[2026-10-02 20:06:33] [INFO] [price_scraper]   -> 10 records from page 292
[2026-10-02 20:06:33] [INFO] [price_scraper] Scraping page 438 (Attempt 1/3) …
[2026-10-02 20:06:41] [INFO] [price_scraper]   -> 10 records from page 438
[2026-10-02 20:06:41] [INFO] [price_scraper] Scraping page 511 (Attempt 1/3) …
[2026-10-02 20:06:50] [INFO] [price_scraper]   -> 10 records from page 511
[2026-10-02 20:06:50] [INFO] [price_scraper] Scraping page 547 (Attempt 1/3) …
[2026-10-02 20:06:57] [INFO] [price_scraper]   -> 10 records from page 547
[2026-10-02 20:06:57] [INFO] [price_scraper] Scraping page 565 (Attempt 1/3) …
[2026-10-02 20:07:16] [INFO] [price_scraper]   -> 10 records from page 565
[2026-10-02 20:07:16] [INFO] [price_scraper] Scraping page 574 (Attempt 1/3) …
[2026-10-02 20:07:25] [INFO] [price_scraper]   -> 10 records from page 574
[2026-10-02 20:07:25] [INFO] [price_scraper] Scraping page 579 (Attempt 1/3) …
[2026-10-02 20:07:34] [INFO] [price_scraper]   -> 10 records from page 579
[2026-10-02 20:07:34] [INFO] [price_scraper] Scraping page 581 (Attempt 1/3) …
[2026-10-02 20:07:43] [INFO] [price_scraper]   -> 10 records from page 581
[2026-10-02 20:07:43] [INFO] [price_scraper] Scraping page 582 (Attempt 1/3) …
[2026-10-02 20:07:50] [INFO] [price_scraper]   -> 10 records from page 582
[2026-10-02 20:07:50] [INFO] [price_scraper] Scraping page 583 (Attempt 1/3) …
[2026-10-02 20:07:58] [INFO] [price_scraper]   -> 1 records from page 583
[2026-10-02 20:07:58] [INFO] [price_scraper] DB oldest date found around page 583. Scraping from 583 to 583
[2026-10-02 20:07:58] [INFO] [price_scraper] Scraping page 583 (Attempt 1/3) …
[2026-10-02 20:08:04] [INFO] [price_scraper]   -> 1 records from page 583
[2026-10-02 20:08:04] [INFO] [price_scraper]   -> 0 new rows inserted (total 5808)
[2026-10-02 20:08:06] [INFO] [price_scraper] Finding page for DB latest date: 2026-10-01
[2026-10-02 20:08:06] [INFO] [price_scraper] Scraping page 292 (Attempt 1/3) …
[2026-10-02 20:08:13] [INFO] [price_scraper]   -> 10 records from page 292
[2026-10-02 20:08:13] [INFO] [price_scraper] Scraping page 146 (Attempt 1/3) …
[2026-10-02 20:08:23] [INFO] [price_scraper]   -> 10 records from page 146
[2026-10-02 20:08:23] [INFO] [price_scraper] Scraping page 73 (Attempt 1/3) …
[2026-10-02 20:08:30] [INFO] [price_scraper]   -> 10 records from page 73
[2026-10-02 20:08:30] [INFO] [price_scraper] Scraping page 36 (Attempt 1/3) …
[2026-10-02 20:08:37] [INFO] [price_scraper]   -> 10 records from page 36
[2026-10-02 20:08:37] [INFO] [price_scraper] Scraping page 18 (Attempt 1/3) …
[2026-10-02 20:08:43] [INFO] [price_scraper]   -> 10 records from page 18
[2026-10-02 20:08:43] [INFO] [price_scraper] Scraping page 9 (Attempt 1/3) …
[2026-10-02 20:08:53] [INFO] [price_scraper]   -> 10 records from page 9
[2026-10-02 20:08:53] [INFO] [price_scraper] Scraping page 4 (Attempt 1/3) …
[2026-10-02 20:09:02] [INFO] [price_scraper]   -> 10 records from page 4
[2026-10-02 20:09:02] [INFO] [price_scraper] Scraping page 2 (Attempt 1/3) …
[2026-10-02 20:09:11] [INFO] [price_scraper]   -> 10 records from page 2
[2026-10-02 20:09:11] [INFO] [price_scraper] Scraping page 1 (Attempt 1/3) …
[2026-10-02 20:09:20] [INFO] [price_scraper]   -> 10 records from page 1
[2026-10-02 20:09:20] [INFO] [price_scraper] DB latest date found around page 1. Scraping from 1 down to 1
[2026-10-02 20:09:20] [INFO] [price_scraper] Scraping page 1 (Attempt 1/3) …
[2026-10-02 20:09:26] [INFO] [price_scraper]   -> 10 records from page 1
[2026-10-02 20:09:26] [INFO] [price_scraper]   -> 0 new rows inserted (total 5808)
[2026-10-02 20:09:28] [INFO] [price_scraper] Smart update complete.
