[2026-08-30 18:44:30] [INFO] [price_scraper] DB Oldest Date: 2014-11-07, DB Latest Date: 2026-08-29
[2026-08-30 18:44:30] [INFO] [price_scraper] Fetching page 1 to find latest web date and last page number...
[2026-08-30 18:44:33] [INFO] [price_scraper] Scraping page 1 (Attempt 1/3) …
[2026-08-30 18:44:35] [INFO] [price_scraper]   -> 10 records from page 1
[2026-08-30 18:44:35] [INFO] [price_scraper] Fetching last page (577) to find oldest web date...
[2026-08-30 18:44:35] [INFO] [price_scraper] Scraping page 577 (Attempt 1/3) …
[2026-08-30 18:44:36] [INFO] [price_scraper]   -> 7 records from page 577
[2026-08-30 18:44:36] [INFO] [price_scraper] Web Latest Date: 2026-08-29, Web Oldest Date: 2014-11-07, Last Page: 577
[2026-08-30 18:44:36] [INFO] [price_scraper] Finding page for DB oldest date: 2014-11-07
[2026-08-30 18:44:36] [INFO] [price_scraper] Scraping page 289 (Attempt 1/3) …
[2026-08-30 18:44:37] [INFO] [price_scraper]   -> 10 records from page 289
[2026-08-30 18:44:37] [INFO] [price_scraper] Scraping page 433 (Attempt 1/3) …
[2026-08-30 18:44:40] [INFO] [price_scraper]   -> 10 records from page 433
[2026-08-30 18:44:40] [INFO] [price_scraper] Scraping page 505 (Attempt 1/3) …
[2026-08-30 18:44:44] [INFO] [price_scraper]   -> 10 records from page 505
[2026-08-30 18:44:44] [INFO] [price_scraper] Scraping page 541 (Attempt 1/3) …
[2026-08-30 18:44:47] [INFO] [price_scraper]   -> 10 records from page 541
[2026-08-30 18:44:47] [INFO] [price_scraper] Scraping page 559 (Attempt 1/3) …
[2026-08-30 18:44:52] [INFO] [price_scraper]   -> 10 records from page 559
[2026-08-30 18:44:52] [INFO] [price_scraper] Scraping page 568 (Attempt 1/3) …
[2026-08-30 18:44:56] [INFO] [price_scraper]   -> 10 records from page 568
[2026-08-30 18:44:56] [INFO] [price_scraper] Scraping page 573 (Attempt 1/3) …
[2026-08-30 18:44:59] [INFO] [price_scraper]   -> 10 records from page 573
[2026-08-30 18:44:59] [INFO] [price_scraper] Scraping page 575 (Attempt 1/3) …
[2026-08-30 18:45:02] [INFO] [price_scraper]   -> 10 records from page 575
[2026-08-30 18:45:02] [INFO] [price_scraper] Scraping page 576 (Attempt 1/3) …
[2026-08-30 18:45:05] [INFO] [price_scraper]   -> 10 records from page 576
[2026-08-30 18:45:05] [INFO] [price_scraper] Scraping page 577 (Attempt 1/3) …
[2026-08-30 18:45:08] [INFO] [price_scraper]   -> 7 records from page 577
[2026-08-30 18:45:08] [INFO] [price_scraper] DB oldest date found around page 577. Scraping from 577 to 577
[2026-08-30 18:45:08] [INFO] [price_scraper] Scraping page 577 (Attempt 1/3) …
[2026-08-30 18:45:11] [INFO] [price_scraper]   -> 7 records from page 577
[2026-08-30 18:45:11] [INFO] [price_scraper]   -> 0 new rows inserted (total 5754)
[2026-08-30 18:45:13] [INFO] [price_scraper] Finding page for DB latest date: 2026-08-29
[2026-08-30 18:45:13] [INFO] [price_scraper] Scraping page 289 (Attempt 1/3) …
[2026-08-30 18:45:17] [INFO] [price_scraper]   -> 10 records from page 289
[2026-08-30 18:45:17] [INFO] [price_scraper] Scraping page 144 (Attempt 1/3) …
[2026-08-30 18:45:20] [INFO] [price_scraper]   -> 10 records from page 144
[2026-08-30 18:45:20] [INFO] [price_scraper] Scraping page 72 (Attempt 1/3) …
[2026-08-30 18:45:24] [INFO] [price_scraper]   -> 10 records from page 72
[2026-08-30 18:45:24] [INFO] [price_scraper] Scraping page 36 (Attempt 1/3) …
[2026-08-30 18:45:27] [INFO] [price_scraper]   -> 10 records from page 36
[2026-08-30 18:45:27] [INFO] [price_scraper] Scraping page 18 (Attempt 1/3) …
[2026-08-30 18:45:31] [INFO] [price_scraper]   -> 10 records from page 18
[2026-08-30 18:45:31] [INFO] [price_scraper] Scraping page 9 (Attempt 1/3) …
[2026-08-30 18:45:35] [INFO] [price_scraper]   -> 10 records from page 9
[2026-08-30 18:45:35] [INFO] [price_scraper] Scraping page 4 (Attempt 1/3) …
[2026-08-30 18:45:38] [INFO] [price_scraper]   -> 10 records from page 4
[2026-08-30 18:45:38] [INFO] [price_scraper] Scraping page 2 (Attempt 1/3) …
[2026-08-30 18:45:40] [INFO] [price_scraper]   -> 10 records from page 2
[2026-08-30 18:45:40] [INFO] [price_scraper] Scraping page 1 (Attempt 1/3) …
[2026-08-30 18:45:42] [INFO] [price_scraper]   -> 10 records from page 1
[2026-08-30 18:45:42] [INFO] [price_scraper] DB latest date found around page 1. Scraping from 1 down to 1
[2026-08-30 18:45:42] [INFO] [price_scraper] Scraping page 1 (Attempt 1/3) …
[2026-08-30 18:45:44] [INFO] [price_scraper]   -> 10 records from page 1
[2026-08-30 18:45:44] [INFO] [price_scraper]   -> 0 new rows inserted (total 5754)
[2026-08-30 18:45:46] [INFO] [price_scraper] Smart update complete.
