[2026-09-03 18:50:33] [INFO] [price_scraper] DB Oldest Date: 2014-11-07, DB Latest Date: 2026-09-02
[2026-09-03 18:50:33] [INFO] [price_scraper] Fetching page 1 to find latest web date and last page number...
[2026-09-03 18:50:34] [INFO] [price_scraper] Scraping page 1 (Attempt 1/3) …
[2026-09-03 18:50:35] [INFO] [price_scraper]   -> 10 records from page 1
[2026-09-03 18:50:35] [INFO] [price_scraper] Fetching last page (578) to find oldest web date...
[2026-09-03 18:50:35] [INFO] [price_scraper] Scraping page 578 (Attempt 1/3) …
[2026-09-03 18:50:37] [INFO] [price_scraper]   -> 5 records from page 578
[2026-09-03 18:50:37] [INFO] [price_scraper] Web Latest Date: 2026-09-03, Web Oldest Date: 2014-11-07, Last Page: 578
[2026-09-03 18:50:37] [INFO] [price_scraper] Finding page for DB oldest date: 2014-11-07
[2026-09-03 18:50:37] [INFO] [price_scraper] Scraping page 289 (Attempt 1/3) …
[2026-09-03 18:50:37] [INFO] [price_scraper]   -> 10 records from page 289
[2026-09-03 18:50:37] [INFO] [price_scraper] Scraping page 434 (Attempt 1/3) …
[2026-09-03 18:50:40] [INFO] [price_scraper]   -> 10 records from page 434
[2026-09-03 18:50:40] [INFO] [price_scraper] Scraping page 506 (Attempt 1/3) …
[2026-09-03 18:50:44] [INFO] [price_scraper]   -> 10 records from page 506
[2026-09-03 18:50:44] [INFO] [price_scraper] Scraping page 542 (Attempt 1/3) …
[2026-09-03 18:50:46] [INFO] [price_scraper]   -> 10 records from page 542
[2026-09-03 18:50:46] [INFO] [price_scraper] Scraping page 560 (Attempt 1/3) …
[2026-09-03 18:50:49] [INFO] [price_scraper]   -> 10 records from page 560
[2026-09-03 18:50:49] [INFO] [price_scraper] Scraping page 569 (Attempt 1/3) …
[2026-09-03 18:50:52] [INFO] [price_scraper]   -> 10 records from page 569
[2026-09-03 18:50:52] [INFO] [price_scraper] Scraping page 574 (Attempt 1/3) …
[2026-09-03 18:50:53] [INFO] [price_scraper]   -> 10 records from page 574
[2026-09-03 18:50:53] [INFO] [price_scraper] Scraping page 576 (Attempt 1/3) …
[2026-09-03 18:50:55] [INFO] [price_scraper]   -> 10 records from page 576
[2026-09-03 18:50:55] [INFO] [price_scraper] Scraping page 577 (Attempt 1/3) …
[2026-09-03 18:50:58] [INFO] [price_scraper]   -> 10 records from page 577
[2026-09-03 18:50:58] [INFO] [price_scraper] Scraping page 578 (Attempt 1/3) …
[2026-09-03 18:51:01] [INFO] [price_scraper]   -> 5 records from page 578
[2026-09-03 18:51:01] [INFO] [price_scraper] DB oldest date found around page 578. Scraping from 578 to 578
[2026-09-03 18:51:01] [INFO] [price_scraper] Scraping page 578 (Attempt 1/3) …
[2026-09-03 18:51:04] [INFO] [price_scraper]   -> 5 records from page 578
[2026-09-03 18:51:04] [INFO] [price_scraper]   -> 0 new rows inserted (total 5760)
[2026-09-03 18:51:06] [INFO] [price_scraper] Finding page for DB latest date: 2026-09-02
[2026-09-03 18:51:06] [INFO] [price_scraper] Scraping page 289 (Attempt 1/3) …
[2026-09-03 18:51:08] [INFO] [price_scraper]   -> 10 records from page 289
[2026-09-03 18:51:08] [INFO] [price_scraper] Scraping page 144 (Attempt 1/3) …
[2026-09-03 18:51:11] [INFO] [price_scraper]   -> 10 records from page 144
[2026-09-03 18:51:11] [INFO] [price_scraper] Scraping page 72 (Attempt 1/3) …
[2026-09-03 18:51:14] [INFO] [price_scraper]   -> 10 records from page 72
[2026-09-03 18:51:14] [INFO] [price_scraper] Scraping page 36 (Attempt 1/3) …
[2026-09-03 18:51:16] [INFO] [price_scraper]   -> 10 records from page 36
[2026-09-03 18:51:16] [INFO] [price_scraper] Scraping page 18 (Attempt 1/3) …
[2026-09-03 18:51:19] [INFO] [price_scraper]   -> 10 records from page 18
[2026-09-03 18:51:19] [INFO] [price_scraper] Scraping page 9 (Attempt 1/3) …
[2026-09-03 18:51:21] [INFO] [price_scraper]   -> 10 records from page 9
[2026-09-03 18:51:21] [INFO] [price_scraper] Scraping page 4 (Attempt 1/3) …
[2026-09-03 18:51:24] [INFO] [price_scraper]   -> 10 records from page 4
[2026-09-03 18:51:24] [INFO] [price_scraper] Scraping page 2 (Attempt 1/3) …
[2026-09-03 18:51:26] [INFO] [price_scraper]   -> 10 records from page 2
[2026-09-03 18:51:26] [INFO] [price_scraper] Scraping page 1 (Attempt 1/3) …
[2026-09-03 18:51:28] [INFO] [price_scraper]   -> 10 records from page 1
[2026-09-03 18:51:28] [INFO] [price_scraper] DB latest date found around page 1. Scraping from 1 down to 1
[2026-09-03 18:51:28] [INFO] [price_scraper] Scraping page 1 (Attempt 1/3) …
[2026-09-03 18:51:31] [INFO] [price_scraper]   -> 10 records from page 1
[2026-09-03 18:51:31] [INFO] [price_scraper]   -> 2 new rows inserted (total 5762)
[2026-09-03 18:51:33] [INFO] [price_scraper] Smart update complete.
