[2026-10-08 20:46:14] [INFO] [price_scraper] DB Oldest Date: 2014-11-07, DB Latest Date: 2026-10-07
[2026-10-08 20:46:14] [INFO] [price_scraper] Fetching page 1 to find latest web date and last page number...
[2026-10-08 20:46:22] [INFO] [price_scraper] Scraping page 1 (Attempt 1/3) …
[2026-10-08 20:46:32] [INFO] [price_scraper]   -> 10 records from page 1
[2026-10-08 20:46:32] [INFO] [price_scraper] Fetching last page (584) to find oldest web date...
[2026-10-08 20:46:32] [INFO] [price_scraper] Scraping page 584 (Attempt 1/3) …
[2026-10-08 20:46:40] [INFO] [price_scraper]   -> 1 records from page 584
[2026-10-08 20:46:40] [INFO] [price_scraper] Web Latest Date: 2026-10-08, Web Oldest Date: 2014-11-07, Last Page: 584
[2026-10-08 20:46:40] [INFO] [price_scraper] Finding page for DB oldest date: 2014-11-07
[2026-10-08 20:46:40] [INFO] [price_scraper] Scraping page 292 (Attempt 1/3) …
[2026-10-08 20:46:45] [INFO] [price_scraper]   -> 10 records from page 292
[2026-10-08 20:46:45] [INFO] [price_scraper] Scraping page 438 (Attempt 1/3) …
[2026-10-08 20:46:54] [INFO] [price_scraper]   -> 10 records from page 438
[2026-10-08 20:46:54] [INFO] [price_scraper] Scraping page 511 (Attempt 1/3) …
[2026-10-08 20:47:02] [INFO] [price_scraper]   -> 10 records from page 511
[2026-10-08 20:47:02] [INFO] [price_scraper] Scraping page 548 (Attempt 1/3) …
[2026-10-08 20:47:10] [INFO] [price_scraper]   -> 10 records from page 548
[2026-10-08 20:47:10] [INFO] [price_scraper] Scraping page 566 (Attempt 1/3) …
[2026-10-08 20:47:17] [INFO] [price_scraper]   -> 10 records from page 566
[2026-10-08 20:47:17] [INFO] [price_scraper] Scraping page 575 (Attempt 1/3) …
[2026-10-08 20:47:24] [INFO] [price_scraper]   -> 10 records from page 575
[2026-10-08 20:47:24] [INFO] [price_scraper] Scraping page 580 (Attempt 1/3) …
[2026-10-08 20:47:32] [INFO] [price_scraper]   -> 10 records from page 580
[2026-10-08 20:47:32] [INFO] [price_scraper] Scraping page 582 (Attempt 1/3) …
[2026-10-08 20:47:40] [INFO] [price_scraper]   -> 10 records from page 582
[2026-10-08 20:47:40] [INFO] [price_scraper] Scraping page 583 (Attempt 1/3) …
[2026-10-08 20:47:47] [INFO] [price_scraper]   -> 10 records from page 583
[2026-10-08 20:47:47] [INFO] [price_scraper] Scraping page 584 (Attempt 1/3) …
[2026-10-08 20:47:53] [INFO] [price_scraper]   -> 1 records from page 584
[2026-10-08 20:47:53] [INFO] [price_scraper] DB oldest date found around page 584. Scraping from 584 to 584
[2026-10-08 20:47:53] [INFO] [price_scraper] Scraping page 584 (Attempt 1/3) …
[2026-10-08 20:48:00] [INFO] [price_scraper]   -> 1 records from page 584
[2026-10-08 20:48:00] [INFO] [price_scraper]   -> 0 new rows inserted (total 5816)
[2026-10-08 20:48:02] [INFO] [price_scraper] Finding page for DB latest date: 2026-10-07
[2026-10-08 20:48:02] [INFO] [price_scraper] Scraping page 292 (Attempt 1/3) …
[2026-10-08 20:48:10] [INFO] [price_scraper]   -> 10 records from page 292
[2026-10-08 20:48:10] [INFO] [price_scraper] Scraping page 146 (Attempt 1/3) …
[2026-10-08 20:48:19] [INFO] [price_scraper]   -> 10 records from page 146
[2026-10-08 20:48:19] [INFO] [price_scraper] Scraping page 73 (Attempt 1/3) …
[2026-10-08 20:48:28] [INFO] [price_scraper]   -> 10 records from page 73
[2026-10-08 20:48:28] [INFO] [price_scraper] Scraping page 36 (Attempt 1/3) …
[2026-10-08 20:48:38] [INFO] [price_scraper]   -> 10 records from page 36
[2026-10-08 20:48:38] [INFO] [price_scraper] Scraping page 18 (Attempt 1/3) …
[2026-10-08 20:48:47] [INFO] [price_scraper]   -> 10 records from page 18
[2026-10-08 20:48:47] [INFO] [price_scraper] Scraping page 9 (Attempt 1/3) …
[2026-10-08 20:48:54] [INFO] [price_scraper]   -> 10 records from page 9
[2026-10-08 20:48:54] [INFO] [price_scraper] Scraping page 4 (Attempt 1/3) …
[2026-10-08 20:49:02] [INFO] [price_scraper]   -> 10 records from page 4
[2026-10-08 20:49:02] [INFO] [price_scraper] Scraping page 2 (Attempt 1/3) …
[2026-10-08 20:49:13] [INFO] [price_scraper]   -> 10 records from page 2
[2026-10-08 20:49:13] [INFO] [price_scraper] Scraping page 1 (Attempt 1/3) …
[2026-10-08 20:49:20] [INFO] [price_scraper]   -> 10 records from page 1
[2026-10-08 20:49:20] [INFO] [price_scraper] DB latest date found around page 1. Scraping from 1 down to 1
[2026-10-08 20:49:20] [INFO] [price_scraper] Scraping page 1 (Attempt 1/3) …
[2026-10-08 20:49:26] [INFO] [price_scraper]   -> 10 records from page 1
[2026-10-08 20:49:26] [INFO] [price_scraper]   -> 2 new rows inserted (total 5818)
[2026-10-08 20:49:28] [INFO] [price_scraper] Smart update complete.
