[2026-09-01 18:44:45] [INFO] [price_scraper] DB Oldest Date: 2014-11-07, DB Latest Date: 2026-08-31
[2026-09-01 18:44:45] [INFO] [price_scraper] Fetching page 1 to find latest web date and last page number...
[2026-09-01 18:44:48] [INFO] [price_scraper] Scraping page 1 (Attempt 1/3) …
[2026-09-01 18:44:51] [INFO] [price_scraper]   -> 10 records from page 1
[2026-09-01 18:44:51] [INFO] [price_scraper] Fetching last page (578) to find oldest web date...
[2026-09-01 18:44:51] [INFO] [price_scraper] Scraping page 578 (Attempt 1/3) …
[2026-09-01 18:44:55] [INFO] [price_scraper]   -> 1 records from page 578
[2026-09-01 18:44:55] [INFO] [price_scraper] Web Latest Date: 2026-09-01, Web Oldest Date: 2014-11-07, Last Page: 578
[2026-09-01 18:44:55] [INFO] [price_scraper] Finding page for DB oldest date: 2014-11-07
[2026-09-01 18:44:55] [INFO] [price_scraper] Scraping page 289 (Attempt 1/3) …
[2026-09-01 18:45:00] [INFO] [price_scraper]   -> 10 records from page 289
[2026-09-01 18:45:00] [INFO] [price_scraper] Scraping page 434 (Attempt 1/3) …
[2026-09-01 18:45:22] [INFO] [price_scraper]   -> 10 records from page 434
[2026-09-01 18:45:23] [INFO] [price_scraper] Scraping page 506 (Attempt 1/3) …
[2026-09-01 18:45:26] [INFO] [price_scraper]   -> 10 records from page 506
[2026-09-01 18:45:26] [INFO] [price_scraper] Scraping page 542 (Attempt 1/3) …
[2026-09-01 18:45:31] [INFO] [price_scraper]   -> 10 records from page 542
[2026-09-01 18:45:31] [INFO] [price_scraper] Scraping page 560 (Attempt 1/3) …
[2026-09-01 18:45:37] [INFO] [price_scraper]   -> 10 records from page 560
[2026-09-01 18:45:37] [INFO] [price_scraper] Scraping page 569 (Attempt 1/3) …
[2026-09-01 18:45:43] [INFO] [price_scraper]   -> 10 records from page 569
[2026-09-01 18:45:43] [INFO] [price_scraper] Scraping page 574 (Attempt 1/3) …
[2026-09-01 18:45:48] [INFO] [price_scraper]   -> 10 records from page 574
[2026-09-01 18:45:48] [INFO] [price_scraper] Scraping page 576 (Attempt 1/3) …
[2026-09-01 18:45:51] [INFO] [price_scraper]   -> 10 records from page 576
[2026-09-01 18:45:51] [INFO] [price_scraper] Scraping page 577 (Attempt 1/3) …
[2026-09-01 18:45:59] [INFO] [price_scraper]   -> 10 records from page 577
[2026-09-01 18:45:59] [INFO] [price_scraper] Scraping page 578 (Attempt 1/3) …
[2026-09-01 18:46:03] [INFO] [price_scraper]   -> 1 records from page 578
[2026-09-01 18:46:03] [INFO] [price_scraper] DB oldest date found around page 578. Scraping from 578 to 578
[2026-09-01 18:46:03] [INFO] [price_scraper] Scraping page 578 (Attempt 1/3) …
[2026-09-01 18:46:09] [INFO] [price_scraper]   -> 1 records from page 578
[2026-09-01 18:46:09] [INFO] [price_scraper]   -> 0 new rows inserted (total 5756)
[2026-09-01 18:46:11] [INFO] [price_scraper] Finding page for DB latest date: 2026-08-31
[2026-09-01 18:46:11] [INFO] [price_scraper] Scraping page 289 (Attempt 1/3) …
[2026-09-01 18:46:18] [INFO] [price_scraper]   -> 10 records from page 289
[2026-09-01 18:46:18] [INFO] [price_scraper] Scraping page 144 (Attempt 1/3) …
[2026-09-01 18:46:28] [INFO] [price_scraper]   -> 10 records from page 144
[2026-09-01 18:46:28] [INFO] [price_scraper] Scraping page 72 (Attempt 1/3) …
[2026-09-01 18:46:32] [INFO] [price_scraper]   -> 10 records from page 72
[2026-09-01 18:46:32] [INFO] [price_scraper] Scraping page 36 (Attempt 1/3) …
[2026-09-01 18:46:37] [INFO] [price_scraper]   -> 10 records from page 36
[2026-09-01 18:46:37] [INFO] [price_scraper] Scraping page 18 (Attempt 1/3) …
[2026-09-01 18:46:52] [INFO] [price_scraper]   -> 10 records from page 18
[2026-09-01 18:46:52] [INFO] [price_scraper] Scraping page 9 (Attempt 1/3) …
[2026-09-01 18:46:57] [INFO] [price_scraper]   -> 10 records from page 9
[2026-09-01 18:46:57] [INFO] [price_scraper] Scraping page 4 (Attempt 1/3) …
[2026-09-01 18:47:05] [INFO] [price_scraper]   -> 10 records from page 4
[2026-09-01 18:47:05] [INFO] [price_scraper] Scraping page 2 (Attempt 1/3) …
[2026-09-01 18:47:29] [INFO] [price_scraper]   -> 10 records from page 2
[2026-09-01 18:47:29] [INFO] [price_scraper] Scraping page 1 (Attempt 1/3) …
[2026-09-01 18:47:33] [INFO] [price_scraper]   -> 10 records from page 1
[2026-09-01 18:47:33] [INFO] [price_scraper] DB latest date found around page 1. Scraping from 1 down to 1
[2026-09-01 18:47:33] [INFO] [price_scraper] Scraping page 1 (Attempt 1/3) …
[2026-09-01 18:47:45] [INFO] [price_scraper]   -> 10 records from page 1
[2026-09-01 18:47:45] [INFO] [price_scraper]   -> 2 new rows inserted (total 5758)
[2026-09-01 18:47:47] [INFO] [price_scraper] Smart update complete.
