[2026-09-21 20:05:50] [INFO] [price_scraper] DB Oldest Date: 2014-11-07, DB Latest Date: 2026-09-19
[2026-09-21 20:05:50] [INFO] [price_scraper] Fetching page 1 to find latest web date and last page number...
[2026-09-21 20:05:52] [INFO] [price_scraper] Scraping page 1 (Attempt 1/3) …
[2026-09-21 20:05:54] [INFO] [price_scraper]   -> 10 records from page 1
[2026-09-21 20:05:54] [INFO] [price_scraper] Fetching last page (581) to find oldest web date...
[2026-09-21 20:05:54] [INFO] [price_scraper] Scraping page 581 (Attempt 1/3) …
[2026-09-21 20:05:57] [INFO] [price_scraper]   -> 3 records from page 581
[2026-09-21 20:05:57] [INFO] [price_scraper] Web Latest Date: 2026-09-21, Web Oldest Date: 2014-11-07, Last Page: 581
[2026-09-21 20:05:57] [INFO] [price_scraper] Finding page for DB oldest date: 2014-11-07
[2026-09-21 20:05:57] [INFO] [price_scraper] Scraping page 291 (Attempt 1/3) …
[2026-09-21 20:05:59] [INFO] [price_scraper]   -> 10 records from page 291
[2026-09-21 20:05:59] [INFO] [price_scraper] Scraping page 436 (Attempt 1/3) …
[2026-09-21 20:06:01] [INFO] [price_scraper]   -> 10 records from page 436
[2026-09-21 20:06:01] [INFO] [price_scraper] Scraping page 509 (Attempt 1/3) …
[2026-09-21 20:06:04] [INFO] [price_scraper]   -> 10 records from page 509
[2026-09-21 20:06:04] [INFO] [price_scraper] Scraping page 545 (Attempt 1/3) …
[2026-09-21 20:06:06] [INFO] [price_scraper]   -> 10 records from page 545
[2026-09-21 20:06:06] [INFO] [price_scraper] Scraping page 563 (Attempt 1/3) …
[2026-09-21 20:06:09] [INFO] [price_scraper]   -> 10 records from page 563
[2026-09-21 20:06:09] [INFO] [price_scraper] Scraping page 572 (Attempt 1/3) …
[2026-09-21 20:06:11] [INFO] [price_scraper]   -> 10 records from page 572
[2026-09-21 20:06:11] [INFO] [price_scraper] Scraping page 577 (Attempt 1/3) …
[2026-09-21 20:06:13] [INFO] [price_scraper]   -> 10 records from page 577
[2026-09-21 20:06:13] [INFO] [price_scraper] Scraping page 579 (Attempt 1/3) …
[2026-09-21 20:06:16] [INFO] [price_scraper]   -> 10 records from page 579
[2026-09-21 20:06:16] [INFO] [price_scraper] Scraping page 580 (Attempt 1/3) …
[2026-09-21 20:06:18] [INFO] [price_scraper]   -> 10 records from page 580
[2026-09-21 20:06:18] [INFO] [price_scraper] Scraping page 581 (Attempt 1/3) …
[2026-09-21 20:06:20] [INFO] [price_scraper]   -> 3 records from page 581
[2026-09-21 20:06:20] [INFO] [price_scraper] DB oldest date found around page 581. Scraping from 581 to 581
[2026-09-21 20:06:20] [INFO] [price_scraper] Scraping page 581 (Attempt 1/3) …
[2026-09-21 20:06:22] [INFO] [price_scraper]   -> 3 records from page 581
[2026-09-21 20:06:22] [INFO] [price_scraper]   -> 0 new rows inserted (total 5788)
[2026-09-21 20:06:24] [INFO] [price_scraper] Finding page for DB latest date: 2026-09-19
[2026-09-21 20:06:24] [INFO] [price_scraper] Scraping page 291 (Attempt 1/3) …
[2026-09-21 20:06:27] [INFO] [price_scraper]   -> 10 records from page 291
[2026-09-21 20:06:27] [INFO] [price_scraper] Scraping page 145 (Attempt 1/3) …
[2026-09-21 20:06:30] [INFO] [price_scraper]   -> 10 records from page 145
[2026-09-21 20:06:30] [INFO] [price_scraper] Scraping page 72 (Attempt 1/3) …
[2026-09-21 20:06:32] [INFO] [price_scraper]   -> 10 records from page 72
[2026-09-21 20:06:32] [INFO] [price_scraper] Scraping page 36 (Attempt 1/3) …
[2026-09-21 20:06:34] [INFO] [price_scraper]   -> 10 records from page 36
[2026-09-21 20:06:34] [INFO] [price_scraper] Scraping page 18 (Attempt 1/3) …
[2026-09-21 20:06:36] [INFO] [price_scraper]   -> 10 records from page 18
[2026-09-21 20:06:36] [INFO] [price_scraper] Scraping page 9 (Attempt 1/3) …
[2026-09-21 20:06:39] [INFO] [price_scraper]   -> 10 records from page 9
[2026-09-21 20:06:39] [INFO] [price_scraper] Scraping page 4 (Attempt 1/3) …
[2026-09-21 20:06:41] [INFO] [price_scraper]   -> 10 records from page 4
[2026-09-21 20:06:41] [INFO] [price_scraper] Scraping page 2 (Attempt 1/3) …
[2026-09-21 20:06:43] [INFO] [price_scraper]   -> 10 records from page 2
[2026-09-21 20:06:43] [INFO] [price_scraper] Scraping page 1 (Attempt 1/3) …
[2026-09-21 20:06:46] [INFO] [price_scraper]   -> 10 records from page 1
[2026-09-21 20:06:46] [INFO] [price_scraper] DB latest date found around page 1. Scraping from 1 down to 1
[2026-09-21 20:06:46] [INFO] [price_scraper] Scraping page 1 (Attempt 1/3) …
[2026-09-21 20:06:49] [INFO] [price_scraper]   -> 10 records from page 1
[2026-09-21 20:06:49] [INFO] [price_scraper]   -> 2 new rows inserted (total 5790)
[2026-09-21 20:06:51] [INFO] [price_scraper] Smart update complete.
