[2026-09-12 17:47:45] [INFO] [price_scraper] DB Oldest Date: 2014-11-07, DB Latest Date: 2026-09-11
[2026-09-12 17:47:45] [INFO] [price_scraper] Fetching page 1 to find latest web date and last page number...
[2026-09-12 17:47:46] [INFO] [price_scraper] Scraping page 1 (Attempt 1/3) …
[2026-09-12 17:47:47] [INFO] [price_scraper]   -> 10 records from page 1
[2026-09-12 17:47:47] [INFO] [price_scraper] Fetching last page (579) to find oldest web date...
[2026-09-12 17:47:47] [INFO] [price_scraper] Scraping page 579 (Attempt 1/3) …
[2026-09-12 17:47:49] [INFO] [price_scraper]   -> 9 records from page 579
[2026-09-12 17:47:49] [INFO] [price_scraper] Web Latest Date: 2026-09-12, Web Oldest Date: 2014-11-07, Last Page: 579
[2026-09-12 17:47:49] [INFO] [price_scraper] Finding page for DB oldest date: 2014-11-07
[2026-09-12 17:47:49] [INFO] [price_scraper] Scraping page 290 (Attempt 1/3) …
[2026-09-12 17:47:50] [INFO] [price_scraper]   -> 10 records from page 290
[2026-09-12 17:47:50] [INFO] [price_scraper] Scraping page 435 (Attempt 1/3) …
[2026-09-12 17:47:52] [INFO] [price_scraper]   -> 10 records from page 435
[2026-09-12 17:47:52] [INFO] [price_scraper] Scraping page 507 (Attempt 1/3) …
[2026-09-12 17:47:54] [INFO] [price_scraper]   -> 10 records from page 507
[2026-09-12 17:47:54] [INFO] [price_scraper] Scraping page 543 (Attempt 1/3) …
[2026-09-12 17:47:56] [INFO] [price_scraper]   -> 10 records from page 543
[2026-09-12 17:47:56] [INFO] [price_scraper] Scraping page 561 (Attempt 1/3) …
[2026-09-12 17:47:57] [INFO] [price_scraper]   -> 10 records from page 561
[2026-09-12 17:47:57] [INFO] [price_scraper] Scraping page 570 (Attempt 1/3) …
[2026-09-12 17:47:59] [INFO] [price_scraper]   -> 10 records from page 570
[2026-09-12 17:47:59] [INFO] [price_scraper] Scraping page 575 (Attempt 1/3) …
[2026-09-12 17:48:00] [INFO] [price_scraper]   -> 10 records from page 575
[2026-09-12 17:48:00] [INFO] [price_scraper] Scraping page 577 (Attempt 1/3) …
[2026-09-12 17:48:02] [INFO] [price_scraper]   -> 10 records from page 577
[2026-09-12 17:48:02] [INFO] [price_scraper] Scraping page 578 (Attempt 1/3) …
[2026-09-12 17:48:04] [INFO] [price_scraper]   -> 10 records from page 578
[2026-09-12 17:48:04] [INFO] [price_scraper] Scraping page 579 (Attempt 1/3) …
[2026-09-12 17:48:05] [INFO] [price_scraper]   -> 9 records from page 579
[2026-09-12 17:48:05] [INFO] [price_scraper] DB oldest date found around page 579. Scraping from 579 to 579
[2026-09-12 17:48:05] [INFO] [price_scraper] Scraping page 579 (Attempt 1/3) …
[2026-09-12 17:48:06] [INFO] [price_scraper]   -> 9 records from page 579
[2026-09-12 17:48:06] [INFO] [price_scraper]   -> 0 new rows inserted (total 5774)
[2026-09-12 17:48:08] [INFO] [price_scraper] Finding page for DB latest date: 2026-09-11
[2026-09-12 17:48:08] [INFO] [price_scraper] Scraping page 290 (Attempt 1/3) …
[2026-09-12 17:48:10] [INFO] [price_scraper]   -> 10 records from page 290
[2026-09-12 17:48:10] [INFO] [price_scraper] Scraping page 145 (Attempt 1/3) …
[2026-09-12 17:48:11] [INFO] [price_scraper]   -> 10 records from page 145
[2026-09-12 17:48:11] [INFO] [price_scraper] Scraping page 72 (Attempt 1/3) …
[2026-09-12 17:48:13] [INFO] [price_scraper]   -> 10 records from page 72
[2026-09-12 17:48:13] [INFO] [price_scraper] Scraping page 36 (Attempt 1/3) …
[2026-09-12 17:48:14] [INFO] [price_scraper]   -> 10 records from page 36
[2026-09-12 17:48:14] [INFO] [price_scraper] Scraping page 18 (Attempt 1/3) …
[2026-09-12 17:48:15] [INFO] [price_scraper]   -> 10 records from page 18
[2026-09-12 17:48:15] [INFO] [price_scraper] Scraping page 9 (Attempt 1/3) …
[2026-09-12 17:48:17] [INFO] [price_scraper]   -> 10 records from page 9
[2026-09-12 17:48:17] [INFO] [price_scraper] Scraping page 4 (Attempt 1/3) …
[2026-09-12 17:48:19] [INFO] [price_scraper]   -> 10 records from page 4
[2026-09-12 17:48:19] [INFO] [price_scraper] Scraping page 2 (Attempt 1/3) …
[2026-09-12 17:48:20] [INFO] [price_scraper]   -> 10 records from page 2
[2026-09-12 17:48:20] [INFO] [price_scraper] Scraping page 1 (Attempt 1/3) …
[2026-09-12 17:48:22] [INFO] [price_scraper]   -> 10 records from page 1
[2026-09-12 17:48:22] [INFO] [price_scraper] DB latest date found around page 1. Scraping from 1 down to 1
[2026-09-12 17:48:22] [INFO] [price_scraper] Scraping page 1 (Attempt 1/3) …
[2026-09-12 17:48:23] [INFO] [price_scraper]   -> 10 records from page 1
[2026-09-12 17:48:23] [INFO] [price_scraper]   -> 2 new rows inserted (total 5776)
[2026-09-12 17:48:25] [INFO] [price_scraper] Smart update complete.
