[2026-09-26 18:40:52] [INFO] [price_scraper] DB Oldest Date: 2014-11-07, DB Latest Date: 2026-09-25
[2026-09-26 18:40:52] [INFO] [price_scraper] Fetching page 1 to find latest web date and last page number...
[2026-09-26 18:40:56] [INFO] [price_scraper] Scraping page 1 (Attempt 1/3) …
[2026-09-26 18:40:58] [INFO] [price_scraper]   -> 10 records from page 1
[2026-09-26 18:40:58] [INFO] [price_scraper] Fetching last page (582) to find oldest web date...
[2026-09-26 18:40:58] [INFO] [price_scraper] Scraping page 582 (Attempt 1/3) …
[2026-09-26 18:41:00] [INFO] [price_scraper]   -> 3 records from page 582
[2026-09-26 18:41:00] [INFO] [price_scraper] Web Latest Date: 2026-09-26, Web Oldest Date: 2014-11-07, Last Page: 582
[2026-09-26 18:41:00] [INFO] [price_scraper] Finding page for DB oldest date: 2014-11-07
[2026-09-26 18:41:00] [INFO] [price_scraper] Scraping page 291 (Attempt 1/3) …
[2026-09-26 18:41:04] [INFO] [price_scraper]   -> 10 records from page 291
[2026-09-26 18:41:04] [INFO] [price_scraper] Scraping page 437 (Attempt 1/3) …
[2026-09-26 18:41:07] [INFO] [price_scraper]   -> 10 records from page 437
[2026-09-26 18:41:07] [INFO] [price_scraper] Scraping page 510 (Attempt 1/3) …
[2026-09-26 18:41:10] [INFO] [price_scraper]   -> 10 records from page 510
[2026-09-26 18:41:10] [INFO] [price_scraper] Scraping page 546 (Attempt 1/3) …
[2026-09-26 18:41:13] [INFO] [price_scraper]   -> 10 records from page 546
[2026-09-26 18:41:13] [INFO] [price_scraper] Scraping page 564 (Attempt 1/3) …
[2026-09-26 18:41:16] [INFO] [price_scraper]   -> 10 records from page 564
[2026-09-26 18:41:16] [INFO] [price_scraper] Scraping page 573 (Attempt 1/3) …
[2026-09-26 18:41:20] [INFO] [price_scraper]   -> 10 records from page 573
[2026-09-26 18:41:20] [INFO] [price_scraper] Scraping page 578 (Attempt 1/3) …
[2026-09-26 18:41:25] [INFO] [price_scraper]   -> 10 records from page 578
[2026-09-26 18:41:25] [INFO] [price_scraper] Scraping page 580 (Attempt 1/3) …
[2026-09-26 18:41:27] [INFO] [price_scraper]   -> 10 records from page 580
[2026-09-26 18:41:27] [INFO] [price_scraper] Scraping page 581 (Attempt 1/3) …
[2026-09-26 18:41:30] [INFO] [price_scraper]   -> 10 records from page 581
[2026-09-26 18:41:30] [INFO] [price_scraper] Scraping page 582 (Attempt 1/3) …
[2026-09-26 18:41:33] [INFO] [price_scraper]   -> 3 records from page 582
[2026-09-26 18:41:33] [INFO] [price_scraper] DB oldest date found around page 582. Scraping from 582 to 582
[2026-09-26 18:41:33] [INFO] [price_scraper] Scraping page 582 (Attempt 1/3) …
[2026-09-26 18:41:36] [INFO] [price_scraper]   -> 3 records from page 582
[2026-09-26 18:41:36] [INFO] [price_scraper]   -> 0 new rows inserted (total 5798)
[2026-09-26 18:41:38] [INFO] [price_scraper] Finding page for DB latest date: 2026-09-25
[2026-09-26 18:41:38] [INFO] [price_scraper] Scraping page 291 (Attempt 1/3) …
[2026-09-26 18:41:41] [INFO] [price_scraper]   -> 10 records from page 291
[2026-09-26 18:41:41] [INFO] [price_scraper] Scraping page 145 (Attempt 1/3) …
[2026-09-26 18:41:44] [INFO] [price_scraper]   -> 10 records from page 145
[2026-09-26 18:41:44] [INFO] [price_scraper] Scraping page 72 (Attempt 1/3) …
[2026-09-26 18:41:47] [INFO] [price_scraper]   -> 10 records from page 72
[2026-09-26 18:41:47] [INFO] [price_scraper] Scraping page 36 (Attempt 1/3) …
[2026-09-26 18:41:50] [INFO] [price_scraper]   -> 10 records from page 36
[2026-09-26 18:41:50] [INFO] [price_scraper] Scraping page 18 (Attempt 1/3) …
[2026-09-26 18:41:54] [INFO] [price_scraper]   -> 10 records from page 18
[2026-09-26 18:41:54] [INFO] [price_scraper] Scraping page 9 (Attempt 1/3) …
[2026-09-26 18:41:57] [INFO] [price_scraper]   -> 10 records from page 9
[2026-09-26 18:41:57] [INFO] [price_scraper] Scraping page 4 (Attempt 1/3) …
[2026-09-26 18:42:01] [INFO] [price_scraper]   -> 10 records from page 4
[2026-09-26 18:42:01] [INFO] [price_scraper] Scraping page 2 (Attempt 1/3) …
[2026-09-26 18:42:03] [INFO] [price_scraper]   -> 10 records from page 2
[2026-09-26 18:42:03] [INFO] [price_scraper] Scraping page 1 (Attempt 1/3) …
[2026-09-26 18:42:06] [INFO] [price_scraper]   -> 10 records from page 1
[2026-09-26 18:42:06] [INFO] [price_scraper] DB latest date found around page 1. Scraping from 1 down to 1
[2026-09-26 18:42:06] [INFO] [price_scraper] Scraping page 1 (Attempt 1/3) …
[2026-09-26 18:42:09] [INFO] [price_scraper]   -> 10 records from page 1
[2026-09-26 18:42:09] [INFO] [price_scraper]   -> 2 new rows inserted (total 5800)
[2026-09-26 18:42:11] [INFO] [price_scraper] Smart update complete.
