[2026-08-15 15:47:53] [INFO] [price_scraper] DB Oldest Date: 2014-11-07, DB Latest Date: 2026-08-14
[2026-08-15 15:47:53] [INFO] [price_scraper] Fetching page 1 to find latest web date and last page number...
[2026-08-15 15:47:55] [INFO] [price_scraper] Scraping page 1 (Attempt 1/3) …
[2026-08-15 15:47:59] [INFO] [price_scraper]   -> 10 records from page 1
[2026-08-15 15:47:59] [INFO] [price_scraper] Fetching last page (575) to find oldest web date...
[2026-08-15 15:47:59] [INFO] [price_scraper] Scraping page 575 (Attempt 1/3) …
[2026-08-15 15:48:04] [INFO] [price_scraper]   -> 5 records from page 575
[2026-08-15 15:48:04] [INFO] [price_scraper] Web Latest Date: 2026-08-14, Web Oldest Date: 2014-11-07, Last Page: 575
[2026-08-15 15:48:04] [INFO] [price_scraper] Finding page for DB oldest date: 2014-11-07
[2026-08-15 15:48:04] [INFO] [price_scraper] Scraping page 288 (Attempt 1/3) …
[2026-08-15 15:48:09] [INFO] [price_scraper]   -> 10 records from page 288
[2026-08-15 15:48:09] [INFO] [price_scraper] Scraping page 432 (Attempt 1/3) …
[2026-08-15 15:48:14] [INFO] [price_scraper]   -> 10 records from page 432
[2026-08-15 15:48:14] [INFO] [price_scraper] Scraping page 504 (Attempt 1/3) …
[2026-08-15 15:48:18] [INFO] [price_scraper]   -> 10 records from page 504
[2026-08-15 15:48:18] [INFO] [price_scraper] Scraping page 540 (Attempt 1/3) …
[2026-08-15 15:48:23] [INFO] [price_scraper]   -> 10 records from page 540
[2026-08-15 15:48:23] [INFO] [price_scraper] Scraping page 558 (Attempt 1/3) …
[2026-08-15 15:48:27] [INFO] [price_scraper]   -> 10 records from page 558
[2026-08-15 15:48:27] [INFO] [price_scraper] Scraping page 567 (Attempt 1/3) …
[2026-08-15 15:48:32] [INFO] [price_scraper]   -> 10 records from page 567
[2026-08-15 15:48:32] [INFO] [price_scraper] Scraping page 571 (Attempt 1/3) …
[2026-08-15 15:48:37] [INFO] [price_scraper]   -> 10 records from page 571
[2026-08-15 15:48:37] [INFO] [price_scraper] Scraping page 573 (Attempt 1/3) …
[2026-08-15 15:48:42] [INFO] [price_scraper]   -> 10 records from page 573
[2026-08-15 15:48:42] [INFO] [price_scraper] Scraping page 574 (Attempt 1/3) …
[2026-08-15 15:48:47] [INFO] [price_scraper]   -> 10 records from page 574
[2026-08-15 15:48:47] [INFO] [price_scraper] Scraping page 575 (Attempt 1/3) …
[2026-08-15 15:48:52] [INFO] [price_scraper]   -> 5 records from page 575
[2026-08-15 15:48:52] [INFO] [price_scraper] DB oldest date found around page 575. Scraping from 575 to 575
[2026-08-15 15:48:52] [INFO] [price_scraper] Scraping page 575 (Attempt 1/3) …
[2026-08-15 15:48:56] [INFO] [price_scraper]   -> 5 records from page 575
[2026-08-15 15:48:56] [INFO] [price_scraper]   -> 0 new rows inserted (total 5732)
[2026-08-15 15:48:58] [INFO] [price_scraper] Finding page for DB latest date: 2026-08-14
[2026-08-15 15:48:58] [INFO] [price_scraper] Scraping page 288 (Attempt 1/3) …
[2026-08-15 15:49:03] [INFO] [price_scraper]   -> 10 records from page 288
[2026-08-15 15:49:03] [INFO] [price_scraper] Scraping page 144 (Attempt 1/3) …
[2026-08-15 15:49:08] [INFO] [price_scraper]   -> 10 records from page 144
[2026-08-15 15:49:08] [INFO] [price_scraper] Scraping page 72 (Attempt 1/3) …
[2026-08-15 15:49:11] [INFO] [price_scraper]   -> 10 records from page 72
[2026-08-15 15:49:11] [INFO] [price_scraper] Scraping page 36 (Attempt 1/3) …
[2026-08-15 15:49:15] [INFO] [price_scraper]   -> 10 records from page 36
[2026-08-15 15:49:15] [INFO] [price_scraper] Scraping page 18 (Attempt 1/3) …
[2026-08-15 15:49:19] [INFO] [price_scraper]   -> 10 records from page 18
[2026-08-15 15:49:19] [INFO] [price_scraper] Scraping page 9 (Attempt 1/3) …
[2026-08-15 15:49:24] [INFO] [price_scraper]   -> 10 records from page 9
[2026-08-15 15:49:24] [INFO] [price_scraper] Scraping page 4 (Attempt 1/3) …
[2026-08-15 15:49:28] [INFO] [price_scraper]   -> 10 records from page 4
[2026-08-15 15:49:28] [INFO] [price_scraper] Scraping page 2 (Attempt 1/3) …
[2026-08-15 15:49:31] [INFO] [price_scraper]   -> 10 records from page 2
[2026-08-15 15:49:31] [INFO] [price_scraper] Scraping page 1 (Attempt 1/3) …
[2026-08-15 15:49:36] [INFO] [price_scraper]   -> 10 records from page 1
[2026-08-15 15:49:36] [INFO] [price_scraper] DB latest date found around page 1. Scraping from 1 down to 1
[2026-08-15 15:49:36] [INFO] [price_scraper] Scraping page 1 (Attempt 1/3) …
[2026-08-15 15:49:39] [INFO] [price_scraper]   -> 10 records from page 1
[2026-08-15 15:49:39] [INFO] [price_scraper]   -> 0 new rows inserted (total 5732)
[2026-08-15 15:49:41] [INFO] [price_scraper] Smart update complete.
