[2026-08-09 15:59:10] [INFO] [price_scraper] DB Oldest Date: 2014-11-07, DB Latest Date: 2026-08-08
[2026-08-09 15:59:10] [INFO] [price_scraper] Fetching page 1 to find latest web date and last page number...
[2026-08-09 15:59:11] [INFO] [price_scraper] Scraping page 1 (Attempt 1/3) …
[2026-08-09 15:59:13] [INFO] [price_scraper]   -> 10 records from page 1
[2026-08-09 15:59:13] [INFO] [price_scraper] Fetching last page (574) to find oldest web date...
[2026-08-09 15:59:13] [INFO] [price_scraper] Scraping page 574 (Attempt 1/3) …
[2026-08-09 15:59:15] [INFO] [price_scraper]   -> 5 records from page 574
[2026-08-09 15:59:15] [INFO] [price_scraper] Web Latest Date: 2026-08-08, Web Oldest Date: 2014-11-07, Last Page: 574
[2026-08-09 15:59:15] [INFO] [price_scraper] Finding page for DB oldest date: 2014-11-07
[2026-08-09 15:59:15] [INFO] [price_scraper] Scraping page 287 (Attempt 1/3) …
[2026-08-09 15:59:18] [INFO] [price_scraper]   -> 10 records from page 287
[2026-08-09 15:59:18] [INFO] [price_scraper] Scraping page 431 (Attempt 1/3) …
[2026-08-09 15:59:20] [INFO] [price_scraper]   -> 10 records from page 431
[2026-08-09 15:59:20] [INFO] [price_scraper] Scraping page 503 (Attempt 1/3) …
[2026-08-09 15:59:22] [INFO] [price_scraper]   -> 10 records from page 503
[2026-08-09 15:59:22] [INFO] [price_scraper] Scraping page 539 (Attempt 1/3) …
[2026-08-09 15:59:24] [INFO] [price_scraper]   -> 10 records from page 539
[2026-08-09 15:59:24] [INFO] [price_scraper] Scraping page 557 (Attempt 1/3) …
[2026-08-09 15:59:27] [INFO] [price_scraper]   -> 10 records from page 557
[2026-08-09 15:59:27] [INFO] [price_scraper] Scraping page 566 (Attempt 1/3) …
[2026-08-09 15:59:29] [INFO] [price_scraper]   -> 10 records from page 566
[2026-08-09 15:59:29] [INFO] [price_scraper] Scraping page 570 (Attempt 1/3) …
[2026-08-09 15:59:31] [INFO] [price_scraper]   -> 10 records from page 570
[2026-08-09 15:59:31] [INFO] [price_scraper] Scraping page 572 (Attempt 1/3) …
[2026-08-09 15:59:34] [INFO] [price_scraper]   -> 10 records from page 572
[2026-08-09 15:59:34] [INFO] [price_scraper] Scraping page 573 (Attempt 1/3) …
[2026-08-09 15:59:37] [INFO] [price_scraper]   -> 10 records from page 573
[2026-08-09 15:59:37] [INFO] [price_scraper] Scraping page 574 (Attempt 1/3) …
[2026-08-09 15:59:39] [INFO] [price_scraper]   -> 5 records from page 574
[2026-08-09 15:59:39] [INFO] [price_scraper] DB oldest date found around page 574. Scraping from 574 to 574
[2026-08-09 15:59:39] [INFO] [price_scraper] Scraping page 574 (Attempt 1/3) …
[2026-08-09 15:59:41] [INFO] [price_scraper]   -> 5 records from page 574
[2026-08-09 15:59:41] [INFO] [price_scraper]   -> 0 new rows inserted (total 5722)
[2026-08-09 15:59:43] [INFO] [price_scraper] Finding page for DB latest date: 2026-08-08
[2026-08-09 15:59:43] [INFO] [price_scraper] Scraping page 287 (Attempt 1/3) …
[2026-08-09 15:59:44] [INFO] [price_scraper]   -> 10 records from page 287
[2026-08-09 15:59:45] [INFO] [price_scraper] Scraping page 143 (Attempt 1/3) …
[2026-08-09 15:59:46] [INFO] [price_scraper]   -> 10 records from page 143
[2026-08-09 15:59:46] [INFO] [price_scraper] Scraping page 71 (Attempt 1/3) …
[2026-08-09 15:59:47] [INFO] [price_scraper]   -> 10 records from page 71
[2026-08-09 15:59:47] [INFO] [price_scraper] Scraping page 35 (Attempt 1/3) …
[2026-08-09 15:59:49] [INFO] [price_scraper]   -> 10 records from page 35
[2026-08-09 15:59:49] [INFO] [price_scraper] Scraping page 17 (Attempt 1/3) …
[2026-08-09 15:59:51] [INFO] [price_scraper]   -> 10 records from page 17
[2026-08-09 15:59:51] [INFO] [price_scraper] Scraping page 8 (Attempt 1/3) …
[2026-08-09 15:59:53] [INFO] [price_scraper]   -> 10 records from page 8
[2026-08-09 15:59:53] [INFO] [price_scraper] Scraping page 4 (Attempt 1/3) …
[2026-08-09 15:59:55] [INFO] [price_scraper]   -> 10 records from page 4
[2026-08-09 15:59:55] [INFO] [price_scraper] Scraping page 2 (Attempt 1/3) …
[2026-08-09 15:59:57] [INFO] [price_scraper]   -> 10 records from page 2
[2026-08-09 15:59:57] [INFO] [price_scraper] Scraping page 1 (Attempt 1/3) …
[2026-08-09 15:59:59] [INFO] [price_scraper]   -> 10 records from page 1
[2026-08-09 15:59:59] [INFO] [price_scraper] DB latest date found around page 1. Scraping from 1 down to 1
[2026-08-09 15:59:59] [INFO] [price_scraper] Scraping page 1 (Attempt 1/3) …
[2026-08-09 16:00:01] [INFO] [price_scraper]   -> 10 records from page 1
[2026-08-09 16:00:01] [INFO] [price_scraper]   -> 0 new rows inserted (total 5722)
[2026-08-09 16:00:03] [INFO] [price_scraper] Smart update complete.
