[2026-08-05 17:04:26] [INFO] [price_scraper] DB Oldest Date: 2014-11-07, DB Latest Date: 2026-08-04
[2026-08-05 17:04:26] [INFO] [price_scraper] Fetching page 1 to find latest web date and last page number...
[2026-08-05 17:04:27] [INFO] [price_scraper] Scraping page 1 (Attempt 1/3) …
[2026-08-05 17:04:28] [INFO] [price_scraper]   -> 10 records from page 1
[2026-08-05 17:04:28] [INFO] [price_scraper] Fetching last page (573) to find oldest web date...
[2026-08-05 17:04:28] [INFO] [price_scraper] Scraping page 573 (Attempt 1/3) …
[2026-08-05 17:04:30] [INFO] [price_scraper]   -> 9 records from page 573
[2026-08-05 17:04:30] [INFO] [price_scraper] Web Latest Date: 2026-08-05, Web Oldest Date: 2014-11-07, Last Page: 573
[2026-08-05 17:04:30] [INFO] [price_scraper] Finding page for DB oldest date: 2014-11-07
[2026-08-05 17:04:30] [INFO] [price_scraper] Scraping page 287 (Attempt 1/3) …
[2026-08-05 17:04:32] [INFO] [price_scraper]   -> 10 records from page 287
[2026-08-05 17:04:32] [INFO] [price_scraper] Scraping page 430 (Attempt 1/3) …
[2026-08-05 17:04:34] [INFO] [price_scraper]   -> 10 records from page 430
[2026-08-05 17:04:34] [INFO] [price_scraper] Scraping page 502 (Attempt 1/3) …
[2026-08-05 17:04:35] [INFO] [price_scraper]   -> 10 records from page 502
[2026-08-05 17:04:35] [INFO] [price_scraper] Scraping page 538 (Attempt 1/3) …
[2026-08-05 17:04:37] [INFO] [price_scraper]   -> 10 records from page 538
[2026-08-05 17:04:37] [INFO] [price_scraper] Scraping page 556 (Attempt 1/3) …
[2026-08-05 17:04:38] [INFO] [price_scraper]   -> 10 records from page 556
[2026-08-05 17:04:38] [INFO] [price_scraper] Scraping page 565 (Attempt 1/3) …
[2026-08-05 17:04:40] [INFO] [price_scraper]   -> 10 records from page 565
[2026-08-05 17:04:40] [INFO] [price_scraper] Scraping page 569 (Attempt 1/3) …
[2026-08-05 17:04:42] [INFO] [price_scraper]   -> 10 records from page 569
[2026-08-05 17:04:42] [INFO] [price_scraper] Scraping page 571 (Attempt 1/3) …
[2026-08-05 17:04:43] [INFO] [price_scraper]   -> 10 records from page 571
[2026-08-05 17:04:43] [INFO] [price_scraper] Scraping page 572 (Attempt 1/3) …
[2026-08-05 17:04:44] [INFO] [price_scraper]   -> 10 records from page 572
[2026-08-05 17:04:44] [INFO] [price_scraper] Scraping page 573 (Attempt 1/3) …
[2026-08-05 17:04:45] [INFO] [price_scraper]   -> 9 records from page 573
[2026-08-05 17:04:45] [INFO] [price_scraper] DB oldest date found around page 573. Scraping from 573 to 573
[2026-08-05 17:04:45] [INFO] [price_scraper] Scraping page 573 (Attempt 1/3) …
[2026-08-05 17:04:50] [INFO] [price_scraper]   -> 9 records from page 573
[2026-08-05 17:04:50] [INFO] [price_scraper]   -> 0 new rows inserted (total 5714)
[2026-08-05 17:04:52] [INFO] [price_scraper] Finding page for DB latest date: 2026-08-04
[2026-08-05 17:04:52] [INFO] [price_scraper] Scraping page 287 (Attempt 1/3) …
[2026-08-05 17:04:53] [INFO] [price_scraper]   -> 10 records from page 287
[2026-08-05 17:04:53] [INFO] [price_scraper] Scraping page 143 (Attempt 1/3) …
[2026-08-05 17:04:54] [INFO] [price_scraper]   -> 10 records from page 143
[2026-08-05 17:04:54] [INFO] [price_scraper] Scraping page 71 (Attempt 1/3) …
[2026-08-05 17:04:55] [INFO] [price_scraper]   -> 10 records from page 71
[2026-08-05 17:04:55] [INFO] [price_scraper] Scraping page 35 (Attempt 1/3) …
[2026-08-05 17:04:56] [INFO] [price_scraper]   -> 10 records from page 35
[2026-08-05 17:04:56] [INFO] [price_scraper] Scraping page 17 (Attempt 1/3) …
[2026-08-05 17:05:03] [INFO] [price_scraper]   -> 10 records from page 17
[2026-08-05 17:05:03] [INFO] [price_scraper] Scraping page 8 (Attempt 1/3) …
[2026-08-05 17:05:04] [INFO] [price_scraper]   -> 10 records from page 8
[2026-08-05 17:05:04] [INFO] [price_scraper] Scraping page 4 (Attempt 1/3) …
[2026-08-05 17:05:05] [INFO] [price_scraper]   -> 10 records from page 4
[2026-08-05 17:05:05] [INFO] [price_scraper] Scraping page 2 (Attempt 1/3) …
[2026-08-05 17:05:06] [INFO] [price_scraper]   -> 10 records from page 2
[2026-08-05 17:05:06] [INFO] [price_scraper] Scraping page 1 (Attempt 1/3) …
[2026-08-05 17:05:08] [INFO] [price_scraper]   -> 10 records from page 1
[2026-08-05 17:05:08] [INFO] [price_scraper] DB latest date found around page 1. Scraping from 1 down to 1
[2026-08-05 17:05:08] [INFO] [price_scraper] Scraping page 1 (Attempt 1/3) …
[2026-08-05 17:05:09] [INFO] [price_scraper]   -> 10 records from page 1
[2026-08-05 17:05:09] [INFO] [price_scraper]   -> 2 new rows inserted (total 5716)
[2026-08-05 17:05:11] [INFO] [price_scraper] Smart update complete.
