[2026-09-17 19:11:43] [INFO] [price_scraper] DB Oldest Date: 2014-11-07, DB Latest Date: 2026-09-16
[2026-09-17 19:11:43] [INFO] [price_scraper] Fetching page 1 to find latest web date and last page number...
[2026-09-17 19:11:46] [INFO] [price_scraper] Scraping page 1 (Attempt 1/3) …
[2026-09-17 19:11:51] [INFO] [price_scraper]   -> 10 records from page 1
[2026-09-17 19:11:51] [INFO] [price_scraper] Fetching last page (580) to find oldest web date...
[2026-09-17 19:11:51] [INFO] [price_scraper] Scraping page 580 (Attempt 1/3) …
[2026-09-17 19:11:54] [INFO] [price_scraper]   -> 7 records from page 580
[2026-09-17 19:11:54] [INFO] [price_scraper] Web Latest Date: 2026-09-17, Web Oldest Date: 2014-11-07, Last Page: 580
[2026-09-17 19:11:54] [INFO] [price_scraper] Finding page for DB oldest date: 2014-11-07
[2026-09-17 19:11:54] [INFO] [price_scraper] Scraping page 290 (Attempt 1/3) …
[2026-09-17 19:12:00] [INFO] [price_scraper]   -> 10 records from page 290
[2026-09-17 19:12:00] [INFO] [price_scraper] Scraping page 435 (Attempt 1/3) …
[2026-09-17 19:12:07] [INFO] [price_scraper]   -> 10 records from page 435
[2026-09-17 19:12:07] [INFO] [price_scraper] Scraping page 508 (Attempt 1/3) …
[2026-09-17 19:12:14] [INFO] [price_scraper]   -> 10 records from page 508
[2026-09-17 19:12:14] [INFO] [price_scraper] Scraping page 544 (Attempt 1/3) …
[2026-09-17 19:12:16] [INFO] [price_scraper]   -> 10 records from page 544
[2026-09-17 19:12:16] [INFO] [price_scraper] Scraping page 562 (Attempt 1/3) …
[2026-09-17 19:12:21] [INFO] [price_scraper]   -> 10 records from page 562
[2026-09-17 19:12:21] [INFO] [price_scraper] Scraping page 571 (Attempt 1/3) …
[2026-09-17 19:12:24] [INFO] [price_scraper]   -> 10 records from page 571
[2026-09-17 19:12:24] [INFO] [price_scraper] Scraping page 576 (Attempt 1/3) …
[2026-09-17 19:12:36] [INFO] [price_scraper]   -> 10 records from page 576
[2026-09-17 19:12:36] [INFO] [price_scraper] Scraping page 578 (Attempt 1/3) …
[2026-09-17 19:12:41] [INFO] [price_scraper]   -> 10 records from page 578
[2026-09-17 19:12:41] [INFO] [price_scraper] Scraping page 579 (Attempt 1/3) …
[2026-09-17 19:12:47] [INFO] [price_scraper]   -> 10 records from page 579
[2026-09-17 19:12:47] [INFO] [price_scraper] Scraping page 580 (Attempt 1/3) …
[2026-09-17 19:12:55] [INFO] [price_scraper]   -> 7 records from page 580
[2026-09-17 19:12:55] [INFO] [price_scraper] DB oldest date found around page 580. Scraping from 580 to 580
[2026-09-17 19:12:55] [INFO] [price_scraper] Scraping page 580 (Attempt 1/3) …
[2026-09-17 19:13:18] [INFO] [price_scraper]   -> 7 records from page 580
[2026-09-17 19:13:18] [INFO] [price_scraper]   -> 0 new rows inserted (total 5782)
[2026-09-17 19:13:20] [INFO] [price_scraper] Finding page for DB latest date: 2026-09-16
[2026-09-17 19:13:20] [INFO] [price_scraper] Scraping page 290 (Attempt 1/3) …
[2026-09-17 19:13:29] [INFO] [price_scraper]   -> 10 records from page 290
[2026-09-17 19:13:29] [INFO] [price_scraper] Scraping page 145 (Attempt 1/3) …
[2026-09-17 19:13:34] [INFO] [price_scraper]   -> 10 records from page 145
[2026-09-17 19:13:34] [INFO] [price_scraper] Scraping page 72 (Attempt 1/3) …
[2026-09-17 19:13:38] [INFO] [price_scraper]   -> 10 records from page 72
[2026-09-17 19:13:38] [INFO] [price_scraper] Scraping page 36 (Attempt 1/3) …
[2026-09-17 19:13:42] [INFO] [price_scraper]   -> 10 records from page 36
[2026-09-17 19:13:42] [INFO] [price_scraper] Scraping page 18 (Attempt 1/3) …
[2026-09-17 19:13:46] [INFO] [price_scraper]   -> 10 records from page 18
[2026-09-17 19:13:46] [INFO] [price_scraper] Scraping page 9 (Attempt 1/3) …
[2026-09-17 19:13:51] [INFO] [price_scraper]   -> 10 records from page 9
[2026-09-17 19:13:51] [INFO] [price_scraper] Scraping page 4 (Attempt 1/3) …
[2026-09-17 19:13:56] [INFO] [price_scraper]   -> 10 records from page 4
[2026-09-17 19:13:56] [INFO] [price_scraper] Scraping page 2 (Attempt 1/3) …
[2026-09-17 19:14:02] [INFO] [price_scraper]   -> 10 records from page 2
[2026-09-17 19:14:02] [INFO] [price_scraper] Scraping page 1 (Attempt 1/3) …
[2026-09-17 19:14:07] [INFO] [price_scraper]   -> 10 records from page 1
[2026-09-17 19:14:07] [INFO] [price_scraper] DB latest date found around page 1. Scraping from 1 down to 1
[2026-09-17 19:14:07] [INFO] [price_scraper] Scraping page 1 (Attempt 1/3) …
[2026-09-17 19:14:12] [INFO] [price_scraper]   -> 10 records from page 1
[2026-09-17 19:14:12] [INFO] [price_scraper]   -> 2 new rows inserted (total 5784)
[2026-09-17 19:14:14] [INFO] [price_scraper] Smart update complete.
