[2026-09-10 18:38:19] [INFO] [price_scraper] DB Oldest Date: 2014-11-07, DB Latest Date: 2026-09-09
[2026-09-10 18:38:19] [INFO] [price_scraper] Fetching page 1 to find latest web date and last page number...
[2026-09-10 18:38:23] [INFO] [price_scraper] Scraping page 1 (Attempt 1/3) …
[2026-09-10 18:38:24] [INFO] [price_scraper]   -> 10 records from page 1
[2026-09-10 18:38:24] [INFO] [price_scraper] Fetching last page (579) to find oldest web date...
[2026-09-10 18:38:24] [INFO] [price_scraper] Scraping page 579 (Attempt 1/3) …
[2026-09-10 18:38:27] [INFO] [price_scraper]   -> 5 records from page 579
[2026-09-10 18:38:27] [INFO] [price_scraper] Web Latest Date: 2026-09-10, Web Oldest Date: 2014-11-07, Last Page: 579
[2026-09-10 18:38:27] [INFO] [price_scraper] Finding page for DB oldest date: 2014-11-07
[2026-09-10 18:38:27] [INFO] [price_scraper] Scraping page 290 (Attempt 1/3) …
[2026-09-10 18:38:30] [INFO] [price_scraper]   -> 10 records from page 290
[2026-09-10 18:38:30] [INFO] [price_scraper] Scraping page 435 (Attempt 1/3) …
[2026-09-10 18:38:33] [INFO] [price_scraper]   -> 10 records from page 435
[2026-09-10 18:38:33] [INFO] [price_scraper] Scraping page 507 (Attempt 1/3) …
[2026-09-10 18:38:35] [INFO] [price_scraper]   -> 10 records from page 507
[2026-09-10 18:38:35] [INFO] [price_scraper] Scraping page 543 (Attempt 1/3) …
[2026-09-10 18:38:39] [INFO] [price_scraper]   -> 10 records from page 543
[2026-09-10 18:38:39] [INFO] [price_scraper] Scraping page 561 (Attempt 1/3) …
[2026-09-10 18:38:42] [INFO] [price_scraper]   -> 10 records from page 561
[2026-09-10 18:38:42] [INFO] [price_scraper] Scraping page 570 (Attempt 1/3) …
[2026-09-10 18:38:45] [INFO] [price_scraper]   -> 10 records from page 570
[2026-09-10 18:38:45] [INFO] [price_scraper] Scraping page 575 (Attempt 1/3) …
[2026-09-10 18:38:48] [INFO] [price_scraper]   -> 10 records from page 575
[2026-09-10 18:38:48] [INFO] [price_scraper] Scraping page 577 (Attempt 1/3) …
[2026-09-10 18:38:52] [INFO] [price_scraper]   -> 10 records from page 577
[2026-09-10 18:38:52] [INFO] [price_scraper] Scraping page 578 (Attempt 1/3) …
[2026-09-10 18:38:55] [INFO] [price_scraper]   -> 10 records from page 578
[2026-09-10 18:38:55] [INFO] [price_scraper] Scraping page 579 (Attempt 1/3) …
[2026-09-10 18:38:57] [INFO] [price_scraper]   -> 5 records from page 579
[2026-09-10 18:38:57] [INFO] [price_scraper] DB oldest date found around page 579. Scraping from 579 to 579
[2026-09-10 18:38:57] [INFO] [price_scraper] Scraping page 579 (Attempt 1/3) …
[2026-09-10 18:39:00] [INFO] [price_scraper]   -> 5 records from page 579
[2026-09-10 18:39:00] [INFO] [price_scraper]   -> 0 new rows inserted (total 5770)
[2026-09-10 18:39:02] [INFO] [price_scraper] Finding page for DB latest date: 2026-09-09
[2026-09-10 18:39:02] [INFO] [price_scraper] Scraping page 290 (Attempt 1/3) …
[2026-09-10 18:39:05] [INFO] [price_scraper]   -> 10 records from page 290
[2026-09-10 18:39:05] [INFO] [price_scraper] Scraping page 145 (Attempt 1/3) …
[2026-09-10 18:39:08] [INFO] [price_scraper]   -> 10 records from page 145
[2026-09-10 18:39:08] [INFO] [price_scraper] Scraping page 72 (Attempt 1/3) …
[2026-09-10 18:39:12] [INFO] [price_scraper]   -> 10 records from page 72
[2026-09-10 18:39:12] [INFO] [price_scraper] Scraping page 36 (Attempt 1/3) …
[2026-09-10 18:39:15] [INFO] [price_scraper]   -> 10 records from page 36
[2026-09-10 18:39:15] [INFO] [price_scraper] Scraping page 18 (Attempt 1/3) …
[2026-09-10 18:39:17] [INFO] [price_scraper]   -> 10 records from page 18
[2026-09-10 18:39:17] [INFO] [price_scraper] Scraping page 9 (Attempt 1/3) …
[2026-09-10 18:39:20] [INFO] [price_scraper]   -> 10 records from page 9
[2026-09-10 18:39:20] [INFO] [price_scraper] Scraping page 4 (Attempt 1/3) …
[2026-09-10 18:39:22] [INFO] [price_scraper]   -> 10 records from page 4
[2026-09-10 18:39:22] [INFO] [price_scraper] Scraping page 2 (Attempt 1/3) …
[2026-09-10 18:39:25] [INFO] [price_scraper]   -> 10 records from page 2
[2026-09-10 18:39:25] [INFO] [price_scraper] Scraping page 1 (Attempt 1/3) …
[2026-09-10 18:39:28] [INFO] [price_scraper]   -> 10 records from page 1
[2026-09-10 18:39:28] [INFO] [price_scraper] DB latest date found around page 1. Scraping from 1 down to 1
[2026-09-10 18:39:28] [INFO] [price_scraper] Scraping page 1 (Attempt 1/3) …
[2026-09-10 18:39:31] [INFO] [price_scraper]   -> 10 records from page 1
[2026-09-10 18:39:31] [INFO] [price_scraper]   -> 2 new rows inserted (total 5772)
[2026-09-10 18:39:33] [INFO] [price_scraper] Smart update complete.
