[2026-09-18 18:36:49] [INFO] [price_scraper] DB Oldest Date: 2014-11-07, DB Latest Date: 2026-09-17
[2026-09-18 18:36:49] [INFO] [price_scraper] Fetching page 1 to find latest web date and last page number...
[2026-09-18 18:36:50] [INFO] [price_scraper] Scraping page 1 (Attempt 1/3) …
[2026-09-18 18:36:52] [INFO] [price_scraper]   -> 10 records from page 1
[2026-09-18 18:36:52] [INFO] [price_scraper] Fetching last page (580) to find oldest web date...
[2026-09-18 18:36:52] [INFO] [price_scraper] Scraping page 580 (Attempt 1/3) …
[2026-09-18 18:36:53] [INFO] [price_scraper]   -> 9 records from page 580
[2026-09-18 18:36:53] [INFO] [price_scraper] Web Latest Date: 2026-09-18, Web Oldest Date: 2014-11-07, Last Page: 580
[2026-09-18 18:36:53] [INFO] [price_scraper] Finding page for DB oldest date: 2014-11-07
[2026-09-18 18:36:53] [INFO] [price_scraper] Scraping page 290 (Attempt 1/3) …
[2026-09-18 18:36:55] [INFO] [price_scraper]   -> 10 records from page 290
[2026-09-18 18:36:55] [INFO] [price_scraper] Scraping page 435 (Attempt 1/3) …
[2026-09-18 18:36:57] [INFO] [price_scraper]   -> 10 records from page 435
[2026-09-18 18:36:57] [INFO] [price_scraper] Scraping page 508 (Attempt 1/3) …
[2026-09-18 18:36:58] [INFO] [price_scraper]   -> 10 records from page 508
[2026-09-18 18:36:58] [INFO] [price_scraper] Scraping page 544 (Attempt 1/3) …
[2026-09-18 18:37:00] [INFO] [price_scraper]   -> 10 records from page 544
[2026-09-18 18:37:00] [INFO] [price_scraper] Scraping page 562 (Attempt 1/3) …
[2026-09-18 18:37:03] [INFO] [price_scraper]   -> 10 records from page 562
[2026-09-18 18:37:03] [INFO] [price_scraper] Scraping page 571 (Attempt 1/3) …
[2026-09-18 18:37:04] [INFO] [price_scraper]   -> 10 records from page 571
[2026-09-18 18:37:04] [INFO] [price_scraper] Scraping page 576 (Attempt 1/3) …
[2026-09-18 18:37:06] [INFO] [price_scraper]   -> 10 records from page 576
[2026-09-18 18:37:06] [INFO] [price_scraper] Scraping page 578 (Attempt 1/3) …
[2026-09-18 18:37:08] [INFO] [price_scraper]   -> 10 records from page 578
[2026-09-18 18:37:08] [INFO] [price_scraper] Scraping page 579 (Attempt 1/3) …
[2026-09-18 18:37:10] [INFO] [price_scraper]   -> 10 records from page 579
[2026-09-18 18:37:10] [INFO] [price_scraper] Scraping page 580 (Attempt 1/3) …
[2026-09-18 18:37:11] [INFO] [price_scraper]   -> 9 records from page 580
[2026-09-18 18:37:11] [INFO] [price_scraper] DB oldest date found around page 580. Scraping from 580 to 580
[2026-09-18 18:37:11] [INFO] [price_scraper] Scraping page 580 (Attempt 1/3) …
[2026-09-18 18:37:13] [INFO] [price_scraper]   -> 9 records from page 580
[2026-09-18 18:37:13] [INFO] [price_scraper]   -> 0 new rows inserted (total 5784)
[2026-09-18 18:37:15] [INFO] [price_scraper] Finding page for DB latest date: 2026-09-17
[2026-09-18 18:37:15] [INFO] [price_scraper] Scraping page 290 (Attempt 1/3) …
[2026-09-18 18:37:16] [INFO] [price_scraper]   -> 10 records from page 290
[2026-09-18 18:37:16] [INFO] [price_scraper] Scraping page 145 (Attempt 1/3) …
[2026-09-18 18:37:18] [INFO] [price_scraper]   -> 10 records from page 145
[2026-09-18 18:37:18] [INFO] [price_scraper] Scraping page 72 (Attempt 1/3) …
[2026-09-18 18:37:19] [INFO] [price_scraper]   -> 10 records from page 72
[2026-09-18 18:37:19] [INFO] [price_scraper] Scraping page 36 (Attempt 1/3) …
[2026-09-18 18:37:21] [INFO] [price_scraper]   -> 10 records from page 36
[2026-09-18 18:37:21] [INFO] [price_scraper] Scraping page 18 (Attempt 1/3) …
[2026-09-18 18:37:23] [INFO] [price_scraper]   -> 10 records from page 18
[2026-09-18 18:37:23] [INFO] [price_scraper] Scraping page 9 (Attempt 1/3) …
[2026-09-18 18:37:24] [INFO] [price_scraper]   -> 10 records from page 9
[2026-09-18 18:37:24] [INFO] [price_scraper] Scraping page 4 (Attempt 1/3) …
[2026-09-18 18:37:26] [INFO] [price_scraper]   -> 10 records from page 4
[2026-09-18 18:37:26] [INFO] [price_scraper] Scraping page 2 (Attempt 1/3) …
[2026-09-18 18:37:27] [INFO] [price_scraper]   -> 10 records from page 2
[2026-09-18 18:37:27] [INFO] [price_scraper] Scraping page 1 (Attempt 1/3) …
[2026-09-18 18:37:29] [INFO] [price_scraper]   -> 10 records from page 1
[2026-09-18 18:37:29] [INFO] [price_scraper] DB latest date found around page 1. Scraping from 1 down to 1
[2026-09-18 18:37:29] [INFO] [price_scraper] Scraping page 1 (Attempt 1/3) …
[2026-09-18 18:37:31] [INFO] [price_scraper]   -> 10 records from page 1
[2026-09-18 18:37:31] [INFO] [price_scraper]   -> 2 new rows inserted (total 5786)
[2026-09-18 18:37:33] [INFO] [price_scraper] Smart update complete.
