[2026-08-29 00:04:05] [INFO] [price_scraper] DB Oldest Date: 2014-11-07, DB Latest Date: 2026-08-27
[2026-08-29 00:04:05] [INFO] [price_scraper] Fetching page 1 to find latest web date and last page number...
[2026-08-29 00:04:06] [INFO] [price_scraper] Scraping page 1 (Attempt 1/3) …
[2026-08-29 00:04:07] [INFO] [price_scraper]   -> 10 records from page 1
[2026-08-29 00:04:07] [INFO] [price_scraper] Fetching last page (577) to find oldest web date...
[2026-08-29 00:04:07] [INFO] [price_scraper] Scraping page 577 (Attempt 1/3) …
[2026-08-29 00:04:10] [INFO] [price_scraper]   -> 5 records from page 577
[2026-08-29 00:04:10] [INFO] [price_scraper] Web Latest Date: 2026-08-28, Web Oldest Date: 2014-11-07, Last Page: 577
[2026-08-29 00:04:10] [INFO] [price_scraper] Finding page for DB oldest date: 2014-11-07
[2026-08-29 00:04:10] [INFO] [price_scraper] Scraping page 289 (Attempt 1/3) …
[2026-08-29 00:04:14] [INFO] [price_scraper]   -> 10 records from page 289
[2026-08-29 00:04:14] [INFO] [price_scraper] Scraping page 433 (Attempt 1/3) …
[2026-08-29 00:04:18] [INFO] [price_scraper]   -> 10 records from page 433
[2026-08-29 00:04:18] [INFO] [price_scraper] Scraping page 505 (Attempt 1/3) …
[2026-08-29 00:04:22] [INFO] [price_scraper]   -> 10 records from page 505
[2026-08-29 00:04:22] [INFO] [price_scraper] Scraping page 541 (Attempt 1/3) …
[2026-08-29 00:04:26] [INFO] [price_scraper]   -> 10 records from page 541
[2026-08-29 00:04:26] [INFO] [price_scraper] Scraping page 559 (Attempt 1/3) …
[2026-08-29 00:04:30] [INFO] [price_scraper]   -> 10 records from page 559
[2026-08-29 00:04:30] [INFO] [price_scraper] Scraping page 568 (Attempt 1/3) …
[2026-08-29 00:04:33] [INFO] [price_scraper]   -> 10 records from page 568
[2026-08-29 00:04:33] [INFO] [price_scraper] Scraping page 573 (Attempt 1/3) …
[2026-08-29 00:04:37] [INFO] [price_scraper]   -> 10 records from page 573
[2026-08-29 00:04:37] [INFO] [price_scraper] Scraping page 575 (Attempt 1/3) …
[2026-08-29 00:04:39] [INFO] [price_scraper]   -> 10 records from page 575
[2026-08-29 00:04:39] [INFO] [price_scraper] Scraping page 576 (Attempt 1/3) …
[2026-08-29 00:04:42] [INFO] [price_scraper]   -> 10 records from page 576
[2026-08-29 00:04:42] [INFO] [price_scraper] Scraping page 577 (Attempt 1/3) …
[2026-08-29 00:04:45] [INFO] [price_scraper]   -> 5 records from page 577
[2026-08-29 00:04:45] [INFO] [price_scraper] DB oldest date found around page 577. Scraping from 577 to 577
[2026-08-29 00:04:45] [INFO] [price_scraper] Scraping page 577 (Attempt 1/3) …
[2026-08-29 00:04:48] [INFO] [price_scraper]   -> 5 records from page 577
[2026-08-29 00:04:48] [INFO] [price_scraper]   -> 0 new rows inserted (total 5750)
[2026-08-29 00:04:50] [INFO] [price_scraper] Finding page for DB latest date: 2026-08-27
[2026-08-29 00:04:50] [INFO] [price_scraper] Scraping page 289 (Attempt 1/3) …
[2026-08-29 00:04:53] [INFO] [price_scraper]   -> 10 records from page 289
[2026-08-29 00:04:53] [INFO] [price_scraper] Scraping page 144 (Attempt 1/3) …
[2026-08-29 00:04:56] [INFO] [price_scraper]   -> 10 records from page 144
[2026-08-29 00:04:56] [INFO] [price_scraper] Scraping page 72 (Attempt 1/3) …
[2026-08-29 00:04:59] [INFO] [price_scraper]   -> 10 records from page 72
[2026-08-29 00:04:59] [INFO] [price_scraper] Scraping page 36 (Attempt 1/3) …
[2026-08-29 00:05:03] [INFO] [price_scraper]   -> 10 records from page 36
[2026-08-29 00:05:03] [INFO] [price_scraper] Scraping page 18 (Attempt 1/3) …
[2026-08-29 00:05:07] [INFO] [price_scraper]   -> 10 records from page 18
[2026-08-29 00:05:07] [INFO] [price_scraper] Scraping page 9 (Attempt 1/3) …
[2026-08-29 00:05:10] [INFO] [price_scraper]   -> 10 records from page 9
[2026-08-29 00:05:10] [INFO] [price_scraper] Scraping page 4 (Attempt 1/3) …
[2026-08-29 00:05:14] [INFO] [price_scraper]   -> 10 records from page 4
[2026-08-29 00:05:14] [INFO] [price_scraper] Scraping page 2 (Attempt 1/3) …
[2026-08-29 00:05:16] [INFO] [price_scraper]   -> 10 records from page 2
[2026-08-29 00:05:16] [INFO] [price_scraper] Scraping page 1 (Attempt 1/3) …
[2026-08-29 00:05:20] [INFO] [price_scraper]   -> 10 records from page 1
[2026-08-29 00:05:20] [INFO] [price_scraper] DB latest date found around page 1. Scraping from 1 down to 1
[2026-08-29 00:05:20] [INFO] [price_scraper] Scraping page 1 (Attempt 1/3) …
[2026-08-29 00:05:23] [INFO] [price_scraper]   -> 10 records from page 1
[2026-08-29 00:05:23] [INFO] [price_scraper]   -> 2 new rows inserted (total 5752)
[2026-08-29 00:05:25] [INFO] [price_scraper] Smart update complete.
[2026-08-29 18:46:43] [INFO] [price_scraper] DB Oldest Date: 2014-11-07, DB Latest Date: 2026-08-28
[2026-08-29 18:46:43] [INFO] [price_scraper] Fetching page 1 to find latest web date and last page number...
[2026-08-29 18:46:44] [INFO] [price_scraper] Scraping page 1 (Attempt 1/3) …
[2026-08-29 18:46:45] [INFO] [price_scraper]   -> 10 records from page 1
[2026-08-29 18:46:45] [INFO] [price_scraper] Fetching last page (577) to find oldest web date...
[2026-08-29 18:46:45] [INFO] [price_scraper] Scraping page 577 (Attempt 1/3) …
[2026-08-29 18:46:47] [INFO] [price_scraper]   -> 7 records from page 577
[2026-08-29 18:46:47] [INFO] [price_scraper] Web Latest Date: 2026-08-29, Web Oldest Date: 2014-11-07, Last Page: 577
[2026-08-29 18:46:47] [INFO] [price_scraper] Finding page for DB oldest date: 2014-11-07
[2026-08-29 18:46:47] [INFO] [price_scraper] Scraping page 289 (Attempt 1/3) …
[2026-08-29 18:46:50] [INFO] [price_scraper]   -> 10 records from page 289
[2026-08-29 18:46:50] [INFO] [price_scraper] Scraping page 433 (Attempt 1/3) …
[2026-08-29 18:46:52] [INFO] [price_scraper]   -> 10 records from page 433
[2026-08-29 18:46:52] [INFO] [price_scraper] Scraping page 505 (Attempt 1/3) …
[2026-08-29 18:46:55] [INFO] [price_scraper]   -> 10 records from page 505
[2026-08-29 18:46:55] [INFO] [price_scraper] Scraping page 541 (Attempt 1/3) …
[2026-08-29 18:46:58] [INFO] [price_scraper]   -> 10 records from page 541
[2026-08-29 18:46:58] [INFO] [price_scraper] Scraping page 559 (Attempt 1/3) …
[2026-08-29 18:47:00] [INFO] [price_scraper]   -> 10 records from page 559
[2026-08-29 18:47:00] [INFO] [price_scraper] Scraping page 568 (Attempt 1/3) …
[2026-08-29 18:47:04] [INFO] [price_scraper]   -> 10 records from page 568
[2026-08-29 18:47:04] [INFO] [price_scraper] Scraping page 573 (Attempt 1/3) …
[2026-08-29 18:47:06] [INFO] [price_scraper]   -> 10 records from page 573
[2026-08-29 18:47:06] [INFO] [price_scraper] Scraping page 575 (Attempt 1/3) …
[2026-08-29 18:47:10] [INFO] [price_scraper]   -> 10 records from page 575
[2026-08-29 18:47:10] [INFO] [price_scraper] Scraping page 576 (Attempt 1/3) …
[2026-08-29 18:47:13] [INFO] [price_scraper]   -> 10 records from page 576
[2026-08-29 18:47:13] [INFO] [price_scraper] Scraping page 577 (Attempt 1/3) …
[2026-08-29 18:47:15] [INFO] [price_scraper]   -> 7 records from page 577
[2026-08-29 18:47:15] [INFO] [price_scraper] DB oldest date found around page 577. Scraping from 577 to 577
[2026-08-29 18:47:15] [INFO] [price_scraper] Scraping page 577 (Attempt 1/3) …
[2026-08-29 18:47:17] [INFO] [price_scraper]   -> 7 records from page 577
[2026-08-29 18:47:17] [INFO] [price_scraper]   -> 0 new rows inserted (total 5752)
[2026-08-29 18:47:19] [INFO] [price_scraper] Finding page for DB latest date: 2026-08-28
[2026-08-29 18:47:19] [INFO] [price_scraper] Scraping page 289 (Attempt 1/3) …
[2026-08-29 18:47:21] [INFO] [price_scraper]   -> 10 records from page 289
[2026-08-29 18:47:21] [INFO] [price_scraper] Scraping page 144 (Attempt 1/3) …
[2026-08-29 18:47:23] [INFO] [price_scraper]   -> 10 records from page 144
[2026-08-29 18:47:23] [INFO] [price_scraper] Scraping page 72 (Attempt 1/3) …
[2026-08-29 18:47:26] [INFO] [price_scraper]   -> 10 records from page 72
[2026-08-29 18:47:26] [INFO] [price_scraper] Scraping page 36 (Attempt 1/3) …
[2026-08-29 18:47:29] [INFO] [price_scraper]   -> 10 records from page 36
[2026-08-29 18:47:29] [INFO] [price_scraper] Scraping page 18 (Attempt 1/3) …
[2026-08-29 18:47:31] [INFO] [price_scraper]   -> 10 records from page 18
[2026-08-29 18:47:31] [INFO] [price_scraper] Scraping page 9 (Attempt 1/3) …
[2026-08-29 18:47:34] [INFO] [price_scraper]   -> 10 records from page 9
[2026-08-29 18:47:34] [INFO] [price_scraper] Scraping page 4 (Attempt 1/3) …
[2026-08-29 18:47:36] [INFO] [price_scraper]   -> 10 records from page 4
[2026-08-29 18:47:36] [INFO] [price_scraper] Scraping page 2 (Attempt 1/3) …
[2026-08-29 18:47:39] [INFO] [price_scraper]   -> 10 records from page 2
[2026-08-29 18:47:39] [INFO] [price_scraper] Scraping page 1 (Attempt 1/3) …
[2026-08-29 18:47:42] [INFO] [price_scraper]   -> 10 records from page 1
[2026-08-29 18:47:42] [INFO] [price_scraper] DB latest date found around page 1. Scraping from 1 down to 1
[2026-08-29 18:47:42] [INFO] [price_scraper] Scraping page 1 (Attempt 1/3) …
[2026-08-29 18:47:44] [INFO] [price_scraper]   -> 10 records from page 1
[2026-08-29 18:47:44] [INFO] [price_scraper]   -> 2 new rows inserted (total 5754)
[2026-08-29 18:47:46] [INFO] [price_scraper] Smart update complete.
