[2026-08-20 16:00:21] [INFO] [price_scraper] DB Oldest Date: 2014-11-07, DB Latest Date: 2026-08-19
[2026-08-20 16:00:21] [INFO] [price_scraper] Fetching page 1 to find latest web date and last page number...
[2026-08-20 16:00:22] [INFO] [price_scraper] Scraping page 1 (Attempt 1/3) …
[2026-08-20 16:00:23] [INFO] [price_scraper]   -> 10 records from page 1
[2026-08-20 16:00:23] [INFO] [price_scraper] Fetching last page (576) to find oldest web date...
[2026-08-20 16:00:23] [INFO] [price_scraper] Scraping page 576 (Attempt 1/3) …
[2026-08-20 16:00:24] [INFO] [price_scraper]   -> 3 records from page 576
[2026-08-20 16:00:24] [INFO] [price_scraper] Web Latest Date: 2026-08-20, Web Oldest Date: 2014-11-07, Last Page: 576
[2026-08-20 16:00:24] [INFO] [price_scraper] Finding page for DB oldest date: 2014-11-07
[2026-08-20 16:00:24] [INFO] [price_scraper] Scraping page 288 (Attempt 1/3) …
[2026-08-20 16:00:28] [INFO] [price_scraper]   -> 10 records from page 288
[2026-08-20 16:00:28] [INFO] [price_scraper] Scraping page 432 (Attempt 1/3) …
[2026-08-20 16:00:30] [INFO] [price_scraper]   -> 10 records from page 432
[2026-08-20 16:00:30] [INFO] [price_scraper] Scraping page 504 (Attempt 1/3) …
[2026-08-20 16:00:33] [INFO] [price_scraper]   -> 10 records from page 504
[2026-08-20 16:00:33] [INFO] [price_scraper] Scraping page 540 (Attempt 1/3) …
[2026-08-20 16:00:36] [INFO] [price_scraper]   -> 10 records from page 540
[2026-08-20 16:00:36] [INFO] [price_scraper] Scraping page 558 (Attempt 1/3) …
[2026-08-20 16:00:39] [INFO] [price_scraper]   -> 10 records from page 558
[2026-08-20 16:00:39] [INFO] [price_scraper] Scraping page 567 (Attempt 1/3) …
[2026-08-20 16:00:41] [INFO] [price_scraper]   -> 10 records from page 567
[2026-08-20 16:00:41] [INFO] [price_scraper] Scraping page 572 (Attempt 1/3) …
[2026-08-20 16:00:43] [INFO] [price_scraper]   -> 10 records from page 572
[2026-08-20 16:00:43] [INFO] [price_scraper] Scraping page 574 (Attempt 1/3) …
[2026-08-20 16:00:45] [INFO] [price_scraper]   -> 10 records from page 574
[2026-08-20 16:00:45] [INFO] [price_scraper] Scraping page 575 (Attempt 1/3) …
[2026-08-20 16:00:48] [INFO] [price_scraper]   -> 10 records from page 575
[2026-08-20 16:00:48] [INFO] [price_scraper] Scraping page 576 (Attempt 1/3) …
[2026-08-20 16:00:50] [INFO] [price_scraper]   -> 3 records from page 576
[2026-08-20 16:00:50] [INFO] [price_scraper] DB oldest date found around page 576. Scraping from 576 to 576
[2026-08-20 16:00:50] [INFO] [price_scraper] Scraping page 576 (Attempt 1/3) …
[2026-08-20 16:00:52] [INFO] [price_scraper]   -> 3 records from page 576
[2026-08-20 16:00:52] [INFO] [price_scraper]   -> 0 new rows inserted (total 5738)
[2026-08-20 16:00:54] [INFO] [price_scraper] Finding page for DB latest date: 2026-08-19
[2026-08-20 16:00:54] [INFO] [price_scraper] Scraping page 288 (Attempt 1/3) …
[2026-08-20 16:00:57] [INFO] [price_scraper]   -> 10 records from page 288
[2026-08-20 16:00:57] [INFO] [price_scraper] Scraping page 144 (Attempt 1/3) …
[2026-08-20 16:01:00] [INFO] [price_scraper]   -> 10 records from page 144
[2026-08-20 16:01:00] [INFO] [price_scraper] Scraping page 72 (Attempt 1/3) …
[2026-08-20 16:01:03] [INFO] [price_scraper]   -> 10 records from page 72
[2026-08-20 16:01:03] [INFO] [price_scraper] Scraping page 36 (Attempt 1/3) …
[2026-08-20 16:01:05] [INFO] [price_scraper]   -> 10 records from page 36
[2026-08-20 16:01:05] [INFO] [price_scraper] Scraping page 18 (Attempt 1/3) …
[2026-08-20 16:01:08] [INFO] [price_scraper]   -> 10 records from page 18
[2026-08-20 16:01:08] [INFO] [price_scraper] Scraping page 9 (Attempt 1/3) …
[2026-08-20 16:01:10] [INFO] [price_scraper]   -> 10 records from page 9
[2026-08-20 16:01:10] [INFO] [price_scraper] Scraping page 4 (Attempt 1/3) …
[2026-08-20 16:01:13] [INFO] [price_scraper]   -> 10 records from page 4
[2026-08-20 16:01:13] [INFO] [price_scraper] Scraping page 2 (Attempt 1/3) …
[2026-08-20 16:01:17] [INFO] [price_scraper]   -> 10 records from page 2
[2026-08-20 16:01:17] [INFO] [price_scraper] Scraping page 1 (Attempt 1/3) …
[2026-08-20 16:01:19] [INFO] [price_scraper]   -> 10 records from page 1
[2026-08-20 16:01:19] [INFO] [price_scraper] DB latest date found around page 1. Scraping from 1 down to 1
[2026-08-20 16:01:19] [INFO] [price_scraper] Scraping page 1 (Attempt 1/3) …
[2026-08-20 16:01:21] [INFO] [price_scraper]   -> 10 records from page 1
[2026-08-20 16:01:21] [INFO] [price_scraper]   -> 2 new rows inserted (total 5740)
[2026-08-20 16:01:23] [INFO] [price_scraper] Smart update complete.
