[2026-09-28 21:20:19] [INFO] [price_scraper] DB Oldest Date: 2014-11-07, DB Latest Date: 2026-09-26
[2026-09-28 21:20:19] [INFO] [price_scraper] Fetching page 1 to find latest web date and last page number...
[2026-09-28 21:20:20] [INFO] [price_scraper] Scraping page 1 (Attempt 1/3) …
[2026-09-28 21:20:21] [INFO] [price_scraper]   -> 10 records from page 1
[2026-09-28 21:20:21] [INFO] [price_scraper] Fetching last page (582) to find oldest web date...
[2026-09-28 21:20:21] [INFO] [price_scraper] Scraping page 582 (Attempt 1/3) …
[2026-09-28 21:20:23] [INFO] [price_scraper]   -> 5 records from page 582
[2026-09-28 21:20:23] [INFO] [price_scraper] Web Latest Date: 2026-09-28, Web Oldest Date: 2014-11-07, Last Page: 582
[2026-09-28 21:20:23] [INFO] [price_scraper] Finding page for DB oldest date: 2014-11-07
[2026-09-28 21:20:23] [INFO] [price_scraper] Scraping page 291 (Attempt 1/3) …
[2026-09-28 21:20:26] [INFO] [price_scraper]   -> 10 records from page 291
[2026-09-28 21:20:26] [INFO] [price_scraper] Scraping page 437 (Attempt 1/3) …
[2026-09-28 21:20:29] [INFO] [price_scraper]   -> 10 records from page 437
[2026-09-28 21:20:29] [INFO] [price_scraper] Scraping page 510 (Attempt 1/3) …
[2026-09-28 21:20:31] [INFO] [price_scraper]   -> 10 records from page 510
[2026-09-28 21:20:31] [INFO] [price_scraper] Scraping page 546 (Attempt 1/3) …
[2026-09-28 21:20:35] [INFO] [price_scraper]   -> 10 records from page 546
[2026-09-28 21:20:35] [INFO] [price_scraper] Scraping page 564 (Attempt 1/3) …
[2026-09-28 21:20:37] [INFO] [price_scraper]   -> 10 records from page 564
[2026-09-28 21:20:37] [INFO] [price_scraper] Scraping page 573 (Attempt 1/3) …
[2026-09-28 21:20:40] [INFO] [price_scraper]   -> 10 records from page 573
[2026-09-28 21:20:40] [INFO] [price_scraper] Scraping page 578 (Attempt 1/3) …
[2026-09-28 21:20:43] [INFO] [price_scraper]   -> 10 records from page 578
[2026-09-28 21:20:43] [INFO] [price_scraper] Scraping page 580 (Attempt 1/3) …
[2026-09-28 21:20:46] [INFO] [price_scraper]   -> 10 records from page 580
[2026-09-28 21:20:46] [INFO] [price_scraper] Scraping page 581 (Attempt 1/3) …
[2026-09-28 21:20:49] [INFO] [price_scraper]   -> 10 records from page 581
[2026-09-28 21:20:49] [INFO] [price_scraper] Scraping page 582 (Attempt 1/3) …
[2026-09-28 21:20:52] [INFO] [price_scraper]   -> 5 records from page 582
[2026-09-28 21:20:52] [INFO] [price_scraper] DB oldest date found around page 582. Scraping from 582 to 582
[2026-09-28 21:20:52] [INFO] [price_scraper] Scraping page 582 (Attempt 1/3) …
[2026-09-28 21:20:54] [INFO] [price_scraper]   -> 5 records from page 582
[2026-09-28 21:20:54] [INFO] [price_scraper]   -> 0 new rows inserted (total 5800)
[2026-09-28 21:20:56] [INFO] [price_scraper] Finding page for DB latest date: 2026-09-26
[2026-09-28 21:20:56] [INFO] [price_scraper] Scraping page 291 (Attempt 1/3) …
[2026-09-28 21:20:59] [INFO] [price_scraper]   -> 10 records from page 291
[2026-09-28 21:20:59] [INFO] [price_scraper] Scraping page 145 (Attempt 1/3) …
[2026-09-28 21:21:02] [INFO] [price_scraper]   -> 10 records from page 145
[2026-09-28 21:21:02] [INFO] [price_scraper] Scraping page 72 (Attempt 1/3) …
[2026-09-28 21:21:05] [INFO] [price_scraper]   -> 10 records from page 72
[2026-09-28 21:21:05] [INFO] [price_scraper] Scraping page 36 (Attempt 1/3) …
[2026-09-28 21:21:08] [INFO] [price_scraper]   -> 10 records from page 36
[2026-09-28 21:21:08] [INFO] [price_scraper] Scraping page 18 (Attempt 1/3) …
[2026-09-28 21:21:11] [INFO] [price_scraper]   -> 10 records from page 18
[2026-09-28 21:21:12] [INFO] [price_scraper] Scraping page 9 (Attempt 1/3) …
[2026-09-28 21:21:15] [INFO] [price_scraper]   -> 10 records from page 9
[2026-09-28 21:21:15] [INFO] [price_scraper] Scraping page 4 (Attempt 1/3) …
[2026-09-28 21:21:17] [INFO] [price_scraper]   -> 10 records from page 4
[2026-09-28 21:21:17] [INFO] [price_scraper] Scraping page 2 (Attempt 1/3) …
[2026-09-28 21:21:19] [INFO] [price_scraper]   -> 10 records from page 2
[2026-09-28 21:21:19] [INFO] [price_scraper] Scraping page 1 (Attempt 1/3) …
[2026-09-28 21:21:22] [INFO] [price_scraper]   -> 10 records from page 1
[2026-09-28 21:21:22] [INFO] [price_scraper] DB latest date found around page 1. Scraping from 1 down to 1
[2026-09-28 21:21:22] [INFO] [price_scraper] Scraping page 1 (Attempt 1/3) …
[2026-09-28 21:21:24] [INFO] [price_scraper]   -> 10 records from page 1
[2026-09-28 21:21:24] [INFO] [price_scraper]   -> 2 new rows inserted (total 5802)
[2026-09-28 21:21:26] [INFO] [price_scraper] Smart update complete.
