[2026-10-09 20:16:03] [INFO] [price_scraper] DB Oldest Date: 2014-11-07, DB Latest Date: 2026-10-08
[2026-10-09 20:16:03] [INFO] [price_scraper] Fetching page 1 to find latest web date and last page number...
[2026-10-09 20:16:36] [WARNING] [price_scraper] Failed to fetch page 1 metadata (Attempt 1): HTTPSConnectionPool(host='www.indianspices.com', port=443): Read timed out. (read timeout=30)
[2026-10-09 20:16:56] [INFO] [price_scraper] Scraping page 1 (Attempt 1/3) …
[2026-10-09 20:17:10] [INFO] [price_scraper]   -> 10 records from page 1
[2026-10-09 20:17:10] [INFO] [price_scraper] Fetching last page (584) to find oldest web date...
[2026-10-09 20:17:10] [INFO] [price_scraper] Scraping page 584 (Attempt 1/3) …
[2026-10-09 20:17:41] [WARNING] [price_scraper] HTTP error on page 584 (Attempt 1): HTTPSConnectionPool(host='www.indianspices.com', port=443): Max retries exceeded with url: /marketing/price/domestic/daily-price-small.html?page=584 (Caused by ConnectTimeoutError(<HTTPSConnection(host='www.indianspices.com', port=443) at 0x7ff9f7ee2d50>, 'Connection to www.indianspices.com timed out. (connect timeout=30)'))
[2026-10-09 20:17:45] [INFO] [price_scraper] Scraping page 584 (Attempt 2/3) …
[2026-10-09 20:18:15] [WARNING] [price_scraper] HTTP error on page 584 (Attempt 2): HTTPSConnectionPool(host='www.indianspices.com', port=443): Max retries exceeded with url: /marketing/price/domestic/daily-price-small.html?page=584 (Caused by ConnectTimeoutError(<HTTPSConnection(host='www.indianspices.com', port=443) at 0x7ff9f7eec690>, 'Connection to www.indianspices.com timed out. (connect timeout=30)'))
[2026-10-09 20:18:19] [INFO] [price_scraper] Scraping page 584 (Attempt 3/3) …
[2026-10-09 20:18:35] [INFO] [price_scraper]   -> 3 records from page 584
[2026-10-09 20:18:35] [INFO] [price_scraper] Web Latest Date: 2026-10-09, Web Oldest Date: 2014-11-07, Last Page: 584
[2026-10-09 20:18:35] [INFO] [price_scraper] Finding page for DB oldest date: 2014-11-07
[2026-10-09 20:18:35] [INFO] [price_scraper] Scraping page 292 (Attempt 1/3) …
[2026-10-09 20:18:54] [WARNING] [price_scraper] HTTP error on page 292 (Attempt 1): ('Connection aborted.', ConnectionResetError(104, 'Connection reset by peer'))
[2026-10-09 20:18:58] [INFO] [price_scraper] Scraping page 292 (Attempt 2/3) …
[2026-10-09 20:19:28] [WARNING] [price_scraper] HTTP error on page 292 (Attempt 2): HTTPSConnectionPool(host='www.indianspices.com', port=443): Max retries exceeded with url: /marketing/price/domestic/daily-price-small.html?page=292 (Caused by ConnectTimeoutError(<HTTPSConnection(host='www.indianspices.com', port=443) at 0x7ff9f7e70a10>, 'Connection to www.indianspices.com timed out. (connect timeout=30)'))
[2026-10-09 20:19:32] [INFO] [price_scraper] Scraping page 292 (Attempt 3/3) …
[2026-10-09 20:19:44] [INFO] [price_scraper]   -> 10 records from page 292
[2026-10-09 20:19:44] [INFO] [price_scraper] Scraping page 438 (Attempt 1/3) …
[2026-10-09 20:20:00] [INFO] [price_scraper]   -> 10 records from page 438
[2026-10-09 20:20:00] [INFO] [price_scraper] Scraping page 511 (Attempt 1/3) …
[2026-10-09 20:20:26] [INFO] [price_scraper]   -> 10 records from page 511
[2026-10-09 20:20:26] [INFO] [price_scraper] Scraping page 548 (Attempt 1/3) …
[2026-10-09 20:20:57] [WARNING] [price_scraper] HTTP error on page 548 (Attempt 1): HTTPSConnectionPool(host='www.indianspices.com', port=443): Max retries exceeded with url: /marketing/price/domestic/daily-price-small.html?page=548 (Caused by ConnectTimeoutError(<HTTPSConnection(host='www.indianspices.com', port=443) at 0x7ff9f7a0e8d0>, 'Connection to www.indianspices.com timed out. (connect timeout=30)'))
[2026-10-09 20:21:01] [INFO] [price_scraper] Scraping page 548 (Attempt 2/3) …
[2026-10-09 20:21:31] [WARNING] [price_scraper] HTTP error on page 548 (Attempt 2): HTTPSConnectionPool(host='www.indianspices.com', port=443): Max retries exceeded with url: /marketing/price/domestic/daily-price-small.html?page=548 (Caused by ConnectTimeoutError(<HTTPSConnection(host='www.indianspices.com', port=443) at 0x7ff9f818bf50>, 'Connection to www.indianspices.com timed out. (connect timeout=30)'))
[2026-10-09 20:21:35] [INFO] [price_scraper] Scraping page 548 (Attempt 3/3) …
[2026-10-09 20:21:49] [INFO] [price_scraper]   -> 10 records from page 548
[2026-10-09 20:21:49] [INFO] [price_scraper] Scraping page 566 (Attempt 1/3) …
[2026-10-09 20:22:20] [WARNING] [price_scraper] HTTP error on page 566 (Attempt 1): HTTPSConnectionPool(host='www.indianspices.com', port=443): Max retries exceeded with url: /marketing/price/domestic/daily-price-small.html?page=566 (Caused by ConnectTimeoutError(<HTTPSConnection(host='www.indianspices.com', port=443) at 0x7ff9f7a0f350>, 'Connection to www.indianspices.com timed out. (connect timeout=30)'))
[2026-10-09 20:22:24] [INFO] [price_scraper] Scraping page 566 (Attempt 2/3) …
[2026-10-09 20:22:40] [INFO] [price_scraper]   -> 10 records from page 566
[2026-10-09 20:22:40] [INFO] [price_scraper] Scraping page 575 (Attempt 1/3) …
[2026-10-09 20:22:53] [INFO] [price_scraper]   -> 10 records from page 575
[2026-10-09 20:22:53] [INFO] [price_scraper] Scraping page 580 (Attempt 1/3) …
[2026-10-09 20:23:26] [WARNING] [price_scraper] HTTP error on page 580 (Attempt 1): HTTPSConnectionPool(host='www.indianspices.com', port=443): Read timed out. (read timeout=30)
[2026-10-09 20:23:30] [INFO] [price_scraper] Scraping page 580 (Attempt 2/3) …
[2026-10-09 20:24:00] [WARNING] [price_scraper] HTTP error on page 580 (Attempt 2): HTTPSConnectionPool(host='www.indianspices.com', port=443): Max retries exceeded with url: /marketing/price/domestic/daily-price-small.html?page=580 (Caused by ConnectTimeoutError(<HTTPSConnection(host='www.indianspices.com', port=443) at 0x7ff9f7eb0410>, 'Connection to www.indianspices.com timed out. (connect timeout=30)'))
[2026-10-09 20:24:04] [INFO] [price_scraper] Scraping page 580 (Attempt 3/3) …
[2026-10-09 20:24:34] [WARNING] [price_scraper] HTTP error on page 580 (Attempt 3): HTTPSConnectionPool(host='www.indianspices.com', port=443): Max retries exceeded with url: /marketing/price/domestic/daily-price-small.html?page=580 (Caused by ConnectTimeoutError(<HTTPSConnection(host='www.indianspices.com', port=443) at 0x7ff9f7eb3210>, 'Connection to www.indianspices.com timed out. (connect timeout=30)'))
[2026-10-09 20:24:34] [ERROR] [price_scraper] Failed to scrape page 580 after 3 attempts.
[2026-10-09 20:24:34] [INFO] [price_scraper] Scraping page 577 (Attempt 1/3) …
[2026-10-09 20:24:48] [INFO] [price_scraper]   -> 10 records from page 577
[2026-10-09 20:24:48] [INFO] [price_scraper] Scraping page 578 (Attempt 1/3) …
[2026-10-09 20:24:59] [INFO] [price_scraper]   -> 10 records from page 578
[2026-10-09 20:24:59] [INFO] [price_scraper] Scraping page 579 (Attempt 1/3) …
[2026-10-09 20:25:27] [INFO] [price_scraper]   -> 10 records from page 579
[2026-10-09 20:25:27] [INFO] [price_scraper] DB oldest date found around page 580. Scraping from 580 to 584
[2026-10-09 20:25:27] [INFO] [price_scraper] Scraping page 580 (Attempt 1/3) …
[2026-10-09 20:25:57] [WARNING] [price_scraper] HTTP error on page 580 (Attempt 1): HTTPSConnectionPool(host='www.indianspices.com', port=443): Max retries exceeded with url: /marketing/price/domestic/daily-price-small.html?page=580 (Caused by ConnectTimeoutError(<HTTPSConnection(host='www.indianspices.com', port=443) at 0x7ff9f801c950>, 'Connection to www.indianspices.com timed out. (connect timeout=30)'))
[2026-10-09 20:26:01] [INFO] [price_scraper] Scraping page 580 (Attempt 2/3) …
[2026-10-09 20:26:14] [INFO] [price_scraper]   -> 10 records from page 580
[2026-10-09 20:26:14] [INFO] [price_scraper]   -> 0 new rows inserted (total 5818)
[2026-10-09 20:26:16] [INFO] [price_scraper] Scraping page 581 (Attempt 1/3) …
[2026-10-09 20:26:34] [WARNING] [price_scraper] HTTP error on page 581 (Attempt 1): ('Connection aborted.', ConnectionResetError(104, 'Connection reset by peer'))
[2026-10-09 20:26:38] [INFO] [price_scraper] Scraping page 581 (Attempt 2/3) …
[2026-10-09 20:27:04] [INFO] [price_scraper]   -> 10 records from page 581
[2026-10-09 20:27:04] [INFO] [price_scraper]   -> 0 new rows inserted (total 5818)
[2026-10-09 20:27:06] [INFO] [price_scraper] Scraping page 582 (Attempt 1/3) …
[2026-10-09 20:27:19] [INFO] [price_scraper]   -> 10 records from page 582
[2026-10-09 20:27:19] [INFO] [price_scraper]   -> 0 new rows inserted (total 5818)
[2026-10-09 20:27:21] [INFO] [price_scraper] Scraping page 583 (Attempt 1/3) …
[2026-10-09 20:27:42] [INFO] [price_scraper]   -> 10 records from page 583
[2026-10-09 20:27:43] [INFO] [price_scraper]   -> 0 new rows inserted (total 5818)
[2026-10-09 20:27:45] [INFO] [price_scraper] Scraping page 584 (Attempt 1/3) …
[2026-10-09 20:28:03] [INFO] [price_scraper]   -> 3 records from page 584
[2026-10-09 20:28:03] [INFO] [price_scraper]   -> 0 new rows inserted (total 5818)
[2026-10-09 20:28:05] [INFO] [price_scraper] Finding page for DB latest date: 2026-10-08
[2026-10-09 20:28:05] [INFO] [price_scraper] Scraping page 292 (Attempt 1/3) …
[2026-10-09 20:28:31] [INFO] [price_scraper]   -> 10 records from page 292
[2026-10-09 20:28:31] [INFO] [price_scraper] Scraping page 146 (Attempt 1/3) …
[2026-10-09 20:29:05] [INFO] [price_scraper]   -> 10 records from page 146
[2026-10-09 20:29:05] [INFO] [price_scraper] Scraping page 73 (Attempt 1/3) …
[2026-10-09 20:29:15] [WARNING] [price_scraper] HTTP error on page 73 (Attempt 1): ('Connection aborted.', ConnectionResetError(104, 'Connection reset by peer'))
[2026-10-09 20:29:19] [INFO] [price_scraper] Scraping page 73 (Attempt 2/3) …
[2026-10-09 20:29:41] [WARNING] [price_scraper] HTTP error on page 73 (Attempt 2): ('Connection aborted.', ConnectionResetError(104, 'Connection reset by peer'))
[2026-10-09 20:29:45] [INFO] [price_scraper] Scraping page 73 (Attempt 3/3) …
[2026-10-09 20:29:59] [INFO] [price_scraper]   -> 10 records from page 73
[2026-10-09 20:29:59] [INFO] [price_scraper] Scraping page 36 (Attempt 1/3) …
[2026-10-09 20:30:13] [INFO] [price_scraper]   -> 10 records from page 36
[2026-10-09 20:30:13] [INFO] [price_scraper] Scraping page 18 (Attempt 1/3) …
[2026-10-09 20:30:26] [INFO] [price_scraper]   -> 10 records from page 18
[2026-10-09 20:30:26] [INFO] [price_scraper] Scraping page 9 (Attempt 1/3) …
[2026-10-09 20:30:42] [INFO] [price_scraper]   -> 10 records from page 9
[2026-10-09 20:30:42] [INFO] [price_scraper] Scraping page 4 (Attempt 1/3) …
[2026-10-09 20:30:54] [INFO] [price_scraper]   -> 10 records from page 4
[2026-10-09 20:30:54] [INFO] [price_scraper] Scraping page 2 (Attempt 1/3) …
[2026-10-09 20:31:10] [INFO] [price_scraper]   -> 10 records from page 2
[2026-10-09 20:31:10] [INFO] [price_scraper] Scraping page 1 (Attempt 1/3) …
[2026-10-09 20:31:21] [INFO] [price_scraper]   -> 10 records from page 1
[2026-10-09 20:31:21] [INFO] [price_scraper] DB latest date found around page 1. Scraping from 1 down to 1
[2026-10-09 20:31:21] [INFO] [price_scraper] Scraping page 1 (Attempt 1/3) …
[2026-10-09 20:31:51] [WARNING] [price_scraper] HTTP error on page 1 (Attempt 1): HTTPSConnectionPool(host='www.indianspices.com', port=443): Max retries exceeded with url: /marketing/price/domestic/daily-price-small.html?page=1 (Caused by ConnectTimeoutError(<HTTPSConnection(host='www.indianspices.com', port=443) at 0x7ff9f79a5e90>, 'Connection to www.indianspices.com timed out. (connect timeout=30)'))
[2026-10-09 20:31:55] [INFO] [price_scraper] Scraping page 1 (Attempt 2/3) …
[2026-10-09 20:32:18] [INFO] [price_scraper]   -> 10 records from page 1
[2026-10-09 20:32:18] [INFO] [price_scraper]   -> 2 new rows inserted (total 5820)
[2026-10-09 20:32:20] [INFO] [price_scraper] Smart update complete.
