[2026-09-19 18:10:37] [INFO] [price_scraper] DB Oldest Date: 2014-11-07, DB Latest Date: 2026-09-18
[2026-09-19 18:10:37] [INFO] [price_scraper] Fetching page 1 to find latest web date and last page number...
[2026-09-19 18:10:38] [INFO] [price_scraper] Scraping page 1 (Attempt 1/3) …
[2026-09-19 18:10:39] [INFO] [price_scraper]   -> 10 records from page 1
[2026-09-19 18:10:39] [INFO] [price_scraper] Fetching last page (581) to find oldest web date...
[2026-09-19 18:10:39] [INFO] [price_scraper] Scraping page 581 (Attempt 1/3) …
[2026-09-19 18:10:40] [INFO] [price_scraper]   -> 1 records from page 581
[2026-09-19 18:10:40] [INFO] [price_scraper] Web Latest Date: 2026-09-19, Web Oldest Date: 2014-11-07, Last Page: 581
[2026-09-19 18:10:40] [INFO] [price_scraper] Finding page for DB oldest date: 2014-11-07
[2026-09-19 18:10:40] [INFO] [price_scraper] Scraping page 291 (Attempt 1/3) …
[2026-09-19 18:10:42] [INFO] [price_scraper]   -> 10 records from page 291
[2026-09-19 18:10:42] [INFO] [price_scraper] Scraping page 436 (Attempt 1/3) …
[2026-09-19 18:10:43] [INFO] [price_scraper]   -> 10 records from page 436
[2026-09-19 18:10:43] [INFO] [price_scraper] Scraping page 509 (Attempt 1/3) …
[2026-09-19 18:10:44] [INFO] [price_scraper]   -> 10 records from page 509
[2026-09-19 18:10:44] [INFO] [price_scraper] Scraping page 545 (Attempt 1/3) …
[2026-09-19 18:10:45] [INFO] [price_scraper]   -> 10 records from page 545
[2026-09-19 18:10:45] [INFO] [price_scraper] Scraping page 563 (Attempt 1/3) …
[2026-09-19 18:10:48] [INFO] [price_scraper]   -> 10 records from page 563
[2026-09-19 18:10:48] [INFO] [price_scraper] Scraping page 572 (Attempt 1/3) …
[2026-09-19 18:10:50] [INFO] [price_scraper]   -> 10 records from page 572
[2026-09-19 18:10:50] [INFO] [price_scraper] Scraping page 577 (Attempt 1/3) …
[2026-09-19 18:10:53] [INFO] [price_scraper]   -> 10 records from page 577
[2026-09-19 18:10:53] [INFO] [price_scraper] Scraping page 579 (Attempt 1/3) …
[2026-09-19 18:10:55] [INFO] [price_scraper]   -> 10 records from page 579
[2026-09-19 18:10:55] [INFO] [price_scraper] Scraping page 580 (Attempt 1/3) …
[2026-09-19 18:10:58] [INFO] [price_scraper]   -> 10 records from page 580
[2026-09-19 18:10:58] [INFO] [price_scraper] Scraping page 581 (Attempt 1/3) …
[2026-09-19 18:11:01] [INFO] [price_scraper]   -> 1 records from page 581
[2026-09-19 18:11:01] [INFO] [price_scraper] DB oldest date found around page 581. Scraping from 581 to 581
[2026-09-19 18:11:01] [INFO] [price_scraper] Scraping page 581 (Attempt 1/3) …
[2026-09-19 18:11:03] [INFO] [price_scraper]   -> 1 records from page 581
[2026-09-19 18:11:03] [INFO] [price_scraper]   -> 0 new rows inserted (total 5786)
[2026-09-19 18:11:05] [INFO] [price_scraper] Finding page for DB latest date: 2026-09-18
[2026-09-19 18:11:05] [INFO] [price_scraper] Scraping page 291 (Attempt 1/3) …
[2026-09-19 18:11:08] [INFO] [price_scraper]   -> 10 records from page 291
[2026-09-19 18:11:08] [INFO] [price_scraper] Scraping page 145 (Attempt 1/3) …
[2026-09-19 18:11:11] [INFO] [price_scraper]   -> 10 records from page 145
[2026-09-19 18:11:11] [INFO] [price_scraper] Scraping page 72 (Attempt 1/3) …
[2026-09-19 18:11:13] [INFO] [price_scraper]   -> 10 records from page 72
[2026-09-19 18:11:13] [INFO] [price_scraper] Scraping page 36 (Attempt 1/3) …
[2026-09-19 18:11:15] [INFO] [price_scraper]   -> 10 records from page 36
[2026-09-19 18:11:15] [INFO] [price_scraper] Scraping page 18 (Attempt 1/3) …
[2026-09-19 18:11:17] [INFO] [price_scraper]   -> 10 records from page 18
[2026-09-19 18:11:17] [INFO] [price_scraper] Scraping page 9 (Attempt 1/3) …
[2026-09-19 18:11:19] [INFO] [price_scraper]   -> 10 records from page 9
[2026-09-19 18:11:19] [INFO] [price_scraper] Scraping page 4 (Attempt 1/3) …
[2026-09-19 18:11:21] [INFO] [price_scraper]   -> 10 records from page 4
[2026-09-19 18:11:21] [INFO] [price_scraper] Scraping page 2 (Attempt 1/3) …
[2026-09-19 18:11:23] [INFO] [price_scraper]   -> 10 records from page 2
[2026-09-19 18:11:23] [INFO] [price_scraper] Scraping page 1 (Attempt 1/3) …
[2026-09-19 18:11:25] [INFO] [price_scraper]   -> 10 records from page 1
[2026-09-19 18:11:25] [INFO] [price_scraper] DB latest date found around page 1. Scraping from 1 down to 1
[2026-09-19 18:11:25] [INFO] [price_scraper] Scraping page 1 (Attempt 1/3) …
[2026-09-19 18:11:28] [INFO] [price_scraper]   -> 10 records from page 1
[2026-09-19 18:11:28] [INFO] [price_scraper]   -> 2 new rows inserted (total 5788)
[2026-09-19 18:11:30] [INFO] [price_scraper] Smart update complete.
